Archive member included to satisfy reference by file (symbol)

C:/ST/STM32CubeIDE_1.14.1/STM32CubeIDE/plugins/com.st.stm32cube.ide.mcu.externaltools.gnu-tools-for-stm32.11.3.rel1.win32_1.1.100.202309141235/tools/bin/../lib/gcc/arm-none-eabi/11.3.1/../../../../arm-none-eabi/lib/thumb/v7e-m+fp/hard\libc_nano.a(libc_a-exit.o)
                              C:/ST/STM32CubeIDE_1.14.1/STM32CubeIDE/plugins/com.st.stm32cube.ide.mcu.externaltools.gnu-tools-for-stm32.11.3.rel1.win32_1.1.100.202309141235/tools/bin/../lib/gcc/arm-none-eabi/11.3.1/../../../../arm-none-eabi/lib/thumb/v7e-m+fp/hard/crt0.o (exit)
C:/ST/STM32CubeIDE_1.14.1/STM32CubeIDE/plugins/com.st.stm32cube.ide.mcu.externaltools.gnu-tools-for-stm32.11.3.rel1.win32_1.1.100.202309141235/tools/bin/../lib/gcc/arm-none-eabi/11.3.1/../../../../arm-none-eabi/lib/thumb/v7e-m+fp/hard\libc_nano.a(libc_a-findfp.o)
                              C:/ST/STM32CubeIDE_1.14.1/STM32CubeIDE/plugins/com.st.stm32cube.ide.mcu.externaltools.gnu-tools-for-stm32.11.3.rel1.win32_1.1.100.202309141235/tools/bin/../lib/gcc/arm-none-eabi/11.3.1/../../../../arm-none-eabi/lib/thumb/v7e-m+fp/hard\libc_nano.a(libc_a-exit.o) (__stdio_exit_handler)
C:/ST/STM32CubeIDE_1.14.1/STM32CubeIDE/plugins/com.st.stm32cube.ide.mcu.externaltools.gnu-tools-for-stm32.11.3.rel1.win32_1.1.100.202309141235/tools/bin/../lib/gcc/arm-none-eabi/11.3.1/../../../../arm-none-eabi/lib/thumb/v7e-m+fp/hard\libc_nano.a(libc_a-fwalk.o)
                              C:/ST/STM32CubeIDE_1.14.1/STM32CubeIDE/plugins/com.st.stm32cube.ide.mcu.externaltools.gnu-tools-for-stm32.11.3.rel1.win32_1.1.100.202309141235/tools/bin/../lib/gcc/arm-none-eabi/11.3.1/../../../../arm-none-eabi/lib/thumb/v7e-m+fp/hard\libc_nano.a(libc_a-findfp.o) (_fwalk_sglue)
C:/ST/STM32CubeIDE_1.14.1/STM32CubeIDE/plugins/com.st.stm32cube.ide.mcu.externaltools.gnu-tools-for-stm32.11.3.rel1.win32_1.1.100.202309141235/tools/bin/../lib/gcc/arm-none-eabi/11.3.1/../../../../arm-none-eabi/lib/thumb/v7e-m+fp/hard\libc_nano.a(libc_a-stdio.o)
                              C:/ST/STM32CubeIDE_1.14.1/STM32CubeIDE/plugins/com.st.stm32cube.ide.mcu.externaltools.gnu-tools-for-stm32.11.3.rel1.win32_1.1.100.202309141235/tools/bin/../lib/gcc/arm-none-eabi/11.3.1/../../../../arm-none-eabi/lib/thumb/v7e-m+fp/hard\libc_nano.a(libc_a-findfp.o) (__sread)
C:/ST/STM32CubeIDE_1.14.1/STM32CubeIDE/plugins/com.st.stm32cube.ide.mcu.externaltools.gnu-tools-for-stm32.11.3.rel1.win32_1.1.100.202309141235/tools/bin/../lib/gcc/arm-none-eabi/11.3.1/../../../../arm-none-eabi/lib/thumb/v7e-m+fp/hard\libc_nano.a(libc_a-memset.o)
                              C:/ST/STM32CubeIDE_1.14.1/STM32CubeIDE/plugins/com.st.stm32cube.ide.mcu.externaltools.gnu-tools-for-stm32.11.3.rel1.win32_1.1.100.202309141235/tools/bin/../lib/gcc/arm-none-eabi/11.3.1/../../../../arm-none-eabi/lib/thumb/v7e-m+fp/hard/crt0.o (memset)
C:/ST/STM32CubeIDE_1.14.1/STM32CubeIDE/plugins/com.st.stm32cube.ide.mcu.externaltools.gnu-tools-for-stm32.11.3.rel1.win32_1.1.100.202309141235/tools/bin/../lib/gcc/arm-none-eabi/11.3.1/../../../../arm-none-eabi/lib/thumb/v7e-m+fp/hard\libc_nano.a(libc_a-closer.o)
                              C:/ST/STM32CubeIDE_1.14.1/STM32CubeIDE/plugins/com.st.stm32cube.ide.mcu.externaltools.gnu-tools-for-stm32.11.3.rel1.win32_1.1.100.202309141235/tools/bin/../lib/gcc/arm-none-eabi/11.3.1/../../../../arm-none-eabi/lib/thumb/v7e-m+fp/hard\libc_nano.a(libc_a-stdio.o) (_close_r)
C:/ST/STM32CubeIDE_1.14.1/STM32CubeIDE/plugins/com.st.stm32cube.ide.mcu.externaltools.gnu-tools-for-stm32.11.3.rel1.win32_1.1.100.202309141235/tools/bin/../lib/gcc/arm-none-eabi/11.3.1/../../../../arm-none-eabi/lib/thumb/v7e-m+fp/hard\libc_nano.a(libc_a-reent.o)
                              C:/ST/STM32CubeIDE_1.14.1/STM32CubeIDE/plugins/com.st.stm32cube.ide.mcu.externaltools.gnu-tools-for-stm32.11.3.rel1.win32_1.1.100.202309141235/tools/bin/../lib/gcc/arm-none-eabi/11.3.1/../../../../arm-none-eabi/lib/thumb/v7e-m+fp/hard\libc_nano.a(libc_a-closer.o) (errno)
C:/ST/STM32CubeIDE_1.14.1/STM32CubeIDE/plugins/com.st.stm32cube.ide.mcu.externaltools.gnu-tools-for-stm32.11.3.rel1.win32_1.1.100.202309141235/tools/bin/../lib/gcc/arm-none-eabi/11.3.1/../../../../arm-none-eabi/lib/thumb/v7e-m+fp/hard\libc_nano.a(libc_a-impure.o)
                              C:/ST/STM32CubeIDE_1.14.1/STM32CubeIDE/plugins/com.st.stm32cube.ide.mcu.externaltools.gnu-tools-for-stm32.11.3.rel1.win32_1.1.100.202309141235/tools/bin/../lib/gcc/arm-none-eabi/11.3.1/../../../../arm-none-eabi/lib/thumb/v7e-m+fp/hard\libc_nano.a(libc_a-reent.o) (_impure_ptr)
C:/ST/STM32CubeIDE_1.14.1/STM32CubeIDE/plugins/com.st.stm32cube.ide.mcu.externaltools.gnu-tools-for-stm32.11.3.rel1.win32_1.1.100.202309141235/tools/bin/../lib/gcc/arm-none-eabi/11.3.1/../../../../arm-none-eabi/lib/thumb/v7e-m+fp/hard\libc_nano.a(libc_a-lseekr.o)
[...]
Memory Configuration

Name             Origin             Length             Attributes
CCMRAM           0x0000000010000000 0x0000000000004000 xrw
RAM              0x0000000020000000 0x0000000000010000 xrw
FLASH            0x0000000008000000 0x0000000000080000 xr
*default*        0x0000000000000000 0xffffffffffffffff

Linker script and memory map

LOAD C:/ST/STM32CubeIDE_1.14.1/STM32CubeIDE/plugins/com.st.stm32cube.ide.mcu.externaltools.gnu-tools-for-stm32.11.3.rel1.win32_1.1.100.202309141235/tools/bin/../lib/gcc/arm-none-eabi/11.3.1/thumb/v7e-m+fp/hard/crti.o
LOAD C:/ST/STM32CubeIDE_1.14.1/STM32CubeIDE/plugins/com.st.stm32cube.ide.mcu.externaltools.gnu-tools-for-stm32.11.3.rel1.win32_1.1.100.202309141235/tools/bin/../lib/gcc/arm-none-eabi/11.3.1/thumb/v7e-m+fp/hard/crtbegin.o
LOAD C:/ST/STM32CubeIDE_1.14.1/STM32CubeIDE/plugins/com.st.stm32cube.ide.mcu.externaltools.gnu-tools-for-stm32.11.3.rel1.win32_1.1.100.202309141235/tools/bin/../lib/gcc/arm-none-eabi/11.3.1/../../../../arm-none-eabi/lib/thumb/v7e-m+fp/hard/crt0.o
LOAD ./Core/Src/IRSensor.o
LOAD ./Core/Src/LDR.o
LOAD ./Core/Src/Ultrasonic.o
LOAD ./Core/Src/adc.o
LOAD ./Core/Src/freertos.o
LOAD ./Core/Src/gpio.o
LOAD ./Core/Src/main.o
LOAD ./Core/Src/motor.o
LOAD ./Core/Src/stm32f3xx_hal_msp.o
LOAD ./Core/Src/stm32f3xx_hal_timebase_tim.o
LOAD ./Core/Src/stm32f3xx_it.o
LOAD ./Core/Src/syscalls.o
LOAD ./Core/Src/sysmem.o
LOAD ./Core/Src/system_stm32f3xx.o
LOAD ./Core/Src/tim.o
LOAD ./Core/Src/usart.o
LOAD ./Core/Startup/startup_stm32f303retx.o
LOAD ./Drivers/STM32F3xx_HAL_Driver/Src/stm32f3xx_hal.o
LOAD ./Drivers/STM32F3xx_HAL_Driver/Src/stm32f3xx_hal_adc.o
LOAD ./Drivers/STM32F3xx_HAL_Driver/Src/stm32f3xx_hal_adc_ex.o
LOAD ./Drivers/STM32F3xx_HAL_Driver/Src/stm32f3xx_hal_cortex.o
LOAD ./Drivers/STM32F3xx_HAL_Driver/Src/stm32f3xx_hal_dma.o
LOAD ./Drivers/STM32F3xx_HAL_Driver/Src/stm32f3xx_hal_exti.o
LOAD ./Drivers/STM32F3xx_HAL_Driver/Src/stm32f3xx_hal_flash.o
LOAD ./Drivers/STM32F3xx_HAL_Driver/Src/stm32f3xx_hal_flash_ex.o
LOAD ./Drivers/STM32F3xx_HAL_Driver/Src/stm32f3xx_hal_gpio.o
LOAD ./Drivers/STM32F3xx_HAL_Driver/Src/stm32f3xx_hal_i2c.o
LOAD ./Drivers/STM32F3xx_HAL_Driver/Src/stm32f3xx_hal_i2c_ex.o
LOAD ./Drivers/STM32F3xx_HAL_Driver/Src/stm32f3xx_hal_pwr.o
LOAD ./Drivers/STM32F3xx_HAL_Driver/Src/stm32f3xx_hal_pwr_ex.o
LOAD ./Drivers/STM32F3xx_HAL_Driver/Src/stm32f3xx_hal_rcc.o
LOAD ./Drivers/STM32F3xx_HAL_Driver/Src/stm32f3xx_hal_rcc_ex.o
LOAD ./Drivers/STM32F3xx_HAL_Driver/Src/stm32f3xx_hal_tim.o
LOAD ./Drivers/STM32F3xx_HAL_Driver/Src/stm32f3xx_hal_tim_ex.o
LOAD ./Drivers/STM32F3xx_HAL_Driver/Src/stm32f3xx_hal_uart.o
LOAD ./Drivers/STM32F3xx_HAL_Driver/Src/stm32f3xx_hal_uart_ex.o
LOAD ./Middlewares/Third_Party/FreeRTOS/Source/CMSIS_RTOS_V2/cmsis_os2.o
LOAD ./Middlewares/Third_Party/FreeRTOS/Source/croutine.o
LOAD ./Middlewares/Third_Party/FreeRTOS/Source/event_groups.o
LOAD ./Middlewares/Third_Party/FreeRTOS/Source/list.o
LOAD ./Middlewares/Third_Party/FreeRTOS/Source/queue.o
LOAD ./Middlewares/Third_Party/FreeRTOS/Source/stream_buffer.o
LOAD ./Middlewares/Third_Party/FreeRTOS/Source/tasks.o
LOAD ./Middlewares/Third_Party/FreeRTOS/Source/timers.o
LOAD ./Middlewares/Third_Party/FreeRTOS/Source/portable/GCC/ARM_CM4F/port.o
LOAD ./Middlewares/Third_Party/FreeRTOS/Source/portable/MemMang/heap_4.o
START GROUP
LOAD C:/ST/STM32CubeIDE_1.14.1/STM32CubeIDE/plugins/com.st.stm32cube.ide.mcu.externaltools.gnu-tools-for-stm32.11.3.rel1.win32_1.1.100.202309141235/tools/bin/../lib/gcc/arm-none-eabi/11.3.1/../../../../arm-none-eabi/lib/thumb/v7e-m+fp/hard\libc_nano.a
LOAD C:/ST/STM32CubeIDE_1.14.1/STM32CubeIDE/plugins/com.st.stm32cube.ide.mcu.externaltools.gnu-tools-for-stm32.11.3.rel1.win32_1.1.100.202309141235/tools/bin/../lib/gcc/arm-none-eabi/11.3.1/../../../../arm-none-eabi/lib/thumb/v7e-m+fp/hard\libm.a
END GROUP
START GROUP
LOAD C:/ST/STM32CubeIDE_1.14.1/STM32CubeIDE/plugins/com.st.stm32cube.ide.mcu.externaltools.gnu-tools-for-stm32.11.3.rel1.win32_1.1.100.202309141235/tools/bin/../lib/gcc/arm-none-eabi/11.3.1/thumb/v7e-m+fp/hard\libgcc.a
LOAD C:/ST/STM32CubeIDE_1.14.1/STM32CubeIDE/plugins/com.st.stm32cube.ide.mcu.externaltools.gnu-tools-for-stm32.11.3.rel1.win32_1.1.100.202309141235/tools/bin/../lib/gcc/arm-none-eabi/11.3.1/../../../../arm-none-eabi/lib/thumb/v7e-m+fp/hard\libc_nano.a
END GROUP
START GROUP
LOAD C:/ST/STM32CubeIDE_1.14.1/STM32CubeIDE/plugins/com.st.stm32cube.ide.mcu.externaltools.gnu-tools-for-stm32.11.3.rel1.win32_1.1.100.202309141235/tools/bin/../lib/gcc/arm-none-eabi/11.3.1/thumb/v7e-m+fp/hard\libgcc.a
LOAD C:/ST/STM32CubeIDE_1.14.1/STM32CubeIDE/plugins/com.st.stm32cube.ide.mcu.externaltools.gnu-tools-for-stm32.11.3.rel1.win32_1.1.100.202309141235/tools/bin/../lib/gcc/arm-none-eabi/11.3.1/../../../../arm-none-eabi/lib/thumb/v7e-m+fp/hard\libc_nano.a
LOAD C:/ST/STM32CubeIDE_1.14.1/STM32CubeIDE/plugins/com.st.stm32cube.ide.mcu.externaltools.gnu-tools-for-stm32.11.3.rel1.win32_1.1.100.202309141235/tools/bin/../lib/gcc/arm-none-eabi/11.3.1/../../../../arm-none-eabi/lib/thumb/v7e-m+fp/hard\libnosys.a
END GROUP
START GROUP
LOAD C:/ST/STM32CubeIDE_1.14.1/STM32CubeIDE/plugins/com.st.stm32cube.ide.mcu.externaltools.gnu-tools-for-stm32.11.3.rel1.win32_1.1.100.202309141235/tools/bin/../lib/gcc/arm-none-eabi/11.3.1/thumb/v7e-m+fp/hard\libgcc.a
LOAD C:/ST/STM32CubeIDE_1.14.1/STM32CubeIDE/plugins/com.st.stm32cube.ide.mcu.externaltools.gnu-tools-for-stm32.11.3.rel1.win32_1.1.100.202309141235/tools/bin/../lib/gcc/arm-none-eabi/11.3.1/../../../../arm-none-eabi/lib/thumb/v7e-m+fp/hard\libc_nano.a
LOAD C:/ST/STM32CubeIDE_1.14.1/STM32CubeIDE/plugins/com.st.stm32cube.ide.mcu.externaltools.gnu-tools-for-stm32.11.3.rel1.win32_1.1.100.202309141235/tools/bin/../lib/gcc/arm-none-eabi/11.3.1/../../../../arm-none-eabi/lib/thumb/v7e-m+fp/hard\libnosys.a
END GROUP
LOAD C:/ST/STM32CubeIDE_1.14.1/STM32CubeIDE/plugins/com.st.stm32cube.ide.mcu.externaltools.gnu-tools-for-stm32.11.3.rel1.win32_1.1.100.202309141235/tools/bin/../lib/gcc/arm-none-eabi/11.3.1/thumb/v7e-m+fp/hard/crtend.o
LOAD C:/ST/STM32CubeIDE_1.14.1/STM32CubeIDE/plugins/com.st.stm32cube.ide.mcu.externaltools.gnu-tools-for-stm32.11.3.rel1.win32_1.1.100.202309141235/tools/bin/../lib/gcc/arm-none-eabi/11.3.1/thumb/v7e-m+fp/hard/crtn.o
                0x0000000020010000                _estack = (ORIGIN (RAM) + LENGTH (RAM))
                0x0000000000000200                _Min_Heap_Size = 0x200
                0x0000000000000400                _Min_Stack_Size = 0x400

.isr_vector     0x0000000008000000      0x194
                0x0000000008000000                . = ALIGN (0x4)
 *(.isr_vector)
 .isr_vector    0x0000000008000000      0x194 ./Core/Startup/startup_stm32f303retx.o
                0x0000000008000000                g_pfnVectors
                0x0000000008000194                . = ALIGN (0x4)

.text           0x00000000080001a0     0xa348
                0x00000000080001a0                . = ALIGN (0x4)
 *(.text)
 .text          0x00000000080001a0       0x40 C:/ST/STM32CubeIDE_1.14.1/STM32CubeIDE/plugins/com.st.stm32cube.ide.mcu.externaltools.gnu-tools-for-stm32.11.3.rel1.win32_1.1.100.202309141235/tools/bin/../lib/gcc/arm-none-eabi/11.3.1/thumb/v7e-m+fp/hard/crtbegin.o
 .text          0x00000000080001e0      0x378 C:/ST/STM32CubeIDE_1.14.1/STM32CubeIDE/plugins/com.st.stm32cube.ide.mcu.externaltools.gnu-tools-for-stm32.11.3.rel1.win32_1.1.100.202309141235/tools/bin/../lib/gcc/arm-none-eabi/11.3.1/thumb/v7e-m+fp/hard\libgcc.a(_arm_addsubdf3.o)
                0x00000000080001e0                __aeabi_drsub
                0x00000000080001e8                __aeabi_dsub
                0x00000000080001e8                __subdf3
                0x00000000080001ec                __aeabi_dadd
                0x00000000080001ec                __adddf3
                0x0000000008000464                __floatunsidf
                0x0000000008000464                __aeabi_ui2d
                0x0000000008000484                __floatsidf
                0x0000000008000484                __aeabi_i2d
                0x00000000080004a8                __aeabi_f2d
                0x00000000080004a8                __extendsfdf2
                0x00000000080004ec                __floatundidf
                0x00000000080004ec                __aeabi_ul2d
                0x00000000080004fc                __floatdidf
                0x00000000080004fc                __aeabi_l2d
 .text          0x0000000008000558      0x424 C:/ST/STM32CubeIDE_1.14.1/STM32CubeIDE/plugins/com.st.stm32cube.ide.mcu.externaltools.gnu-tools-for-stm32.11.3.rel1.win32_1.1.100.202309141235/tools/bin/../lib/gcc/arm-none-eabi/11.3.1/thumb/v7e-m+fp/hard\libgcc.a(_arm_muldivdf3.o)
                0x0000000008000558                __aeabi_dmul
                0x0000000008000558                __muldf3
                0x00000000080007ac                __divdf3
                0x00000000080007ac                __aeabi_ddiv
 .text          0x000000000800097c       0x40 C:/ST/STM32CubeIDE_1.14.1/STM32CubeIDE/plugins/com.st.stm32cube.ide.mcu.externaltools.gnu-tools-for-stm32.11.3.rel1.win32_1.1.100.202309141235/tools/bin/../lib/gcc/arm-none-eabi/11.3.1/thumb/v7e-m+fp/hard\libgcc.a(_arm_fixunsdfsi.o)
                0x000000000800097c                __aeabi_d2uiz
                0x000000000800097c                __fixunsdfsi
 *(.text*)
 .text.IRSensor_Read
                0x00000000080009bc       0x48 ./Core/Src/IRSensor.o
                0x00000000080009bc                IRSensor_Read
 .text.LDR_u8GetValue
                0x0000000008000a04       0x6c ./Core/Src/LDR.o
                0x0000000008000a04                LDR_u8GetValue
 .text.delay    0x0000000008000a70       0x34 ./Core/Src/Ultrasonic.o
                0x0000000008000a70                delay
 *fill*         0x0000000008000aa4        0x4 
 .text.HAL_TIM_IC_CaptureCallback
                0x0000000008000aa8      0x140 ./Core/Src/Ultrasonic.o
                0x0000000008000aa8                HAL_TIM_IC_CaptureCallback
 .text.HCSR04_Init
                0x0000000008000be8       0x14 ./Core/Src/Ultrasonic.o
                0x0000000008000be8                HCSR04_Init
 .text.HCSR04_Read1
                0x0000000008000bfc       0x40 ./Core/Src/Ultrasonic.o
                0x0000000008000bfc                HCSR04_Read1
 .text.Get_Distance
                0x0000000008000c3c       0x1c ./Core/Src/Ultrasonic.o
                0x0000000008000c3c                Get_Distance
 .text.MX_ADC1_Init
                0x0000000008000c58       0xe0 ./Core/Src/adc.o
                0x0000000008000c58                MX_ADC1_Init
 .text.HAL_ADC_MspInit
                0x0000000008000d38       0x78 ./Core/Src/adc.o
                0x0000000008000d38                HAL_ADC_MspInit
 .text.MX_FREERTOS_Init
                0x0000000008000db0       0xac ./Core/Src/freertos.o
                0x0000000008000db0                MX_FREERTOS_Init
 .text.LKS_TASK
                0x0000000008000e5c      0x1ac ./Core/Src/freertos.o
                0x0000000008000e5c                LKS_TASK
 .text.ACC_TASK
                0x0000000008001008      0x11c ./Core/Src/freertos.o
                0x0000000008001008                ACC_TASK
 .text.AB_TASK  0x0000000008001124       0x58 ./Core/Src/freertos.o
                0x0000000008001124                AB_TASK
 .text.BLUETOOTH_TASK
                0x000000000800117c      0x288 ./Core/Src/freertos.o
                0x000000000800117c                BLUETOOTH_TASK
 .text.ALC_TASK
                0x0000000008001404       0x64 ./Core/Src/freertos.o
                0x0000000008001404                ALC_TASK
 .text.MX_GPIO_Init
                0x0000000008001468      0x114 ./Core/Src/gpio.o
                0x0000000008001468                MX_GPIO_Init
 .text.main     0x000000000800157c       0x50 ./Core/Src/main.o
                0x000000000800157c                main
 .text.SystemClock_Config
                0x00000000080015cc       0xd0 ./Core/Src/main.o
                0x00000000080015cc                SystemClock_Config
 .text.HAL_TIM_PeriodElapsedCallback
                0x000000000800169c       0x24 ./Core/Src/main.o
                0x000000000800169c                HAL_TIM_PeriodElapsedCallback
 .text.Error_Handler
                0x00000000080016c0        0xa ./Core/Src/main.o
                0x00000000080016c0                Error_Handler
 *fill*         0x00000000080016ca        0x2 
 .text.Motor_voidInit
                0x00000000080016cc       0x2c ./Core/Src/motor.o
                0x00000000080016cc                Motor_voidInit
 .text.Motor_voidControlSpeed
                0x00000000080016f8       0x20 ./Core/Src/motor.o
                0x00000000080016f8                Motor_voidControlSpeed
 .text.Motor_voidMoveForward
                0x0000000008001718       0x48 ./Core/Src/motor.o
                0x0000000008001718                Motor_voidMoveForward
 .text.Motor_voidMoveBackward
                0x0000000008001760       0x48 ./Core/Src/motor.o
                0x0000000008001760                Motor_voidMoveBackward
 .text.Motor_voidMoveRight
                0x00000000080017a8       0x48 ./Core/Src/motor.o
                0x00000000080017a8                Motor_voidMoveRight
 .text.Motor_voidMoveLeft
                0x00000000080017f0       0x48 ./Core/Src/motor.o
                0x00000000080017f0                Motor_voidMoveLeft
 .text.Motor_voidStop
                0x0000000008001838       0x34 ./Core/Src/motor.o
                0x0000000008001838                Motor_voidStop
 .text.HAL_MspInit
                0x000000000800186c       0x50 ./Core/Src/stm32f3xx_hal_msp.o
                0x000000000800186c                HAL_MspInit
 .text.HAL_InitTick
                0x00000000080018bc       0xe0 ./Core/Src/stm32f3xx_hal_timebase_tim.o
                0x00000000080018bc                HAL_InitTick
 .text.NMI_Handler
                0x000000000800199c        0x6 ./Core/Src/stm32f3xx_it.o
                0x000000000800199c                NMI_Handler
 .text.HardFault_Handler
                0x00000000080019a2        0x6 ./Core/Src/stm32f3xx_it.o
                0x00000000080019a2                HardFault_Handler
 .text.MemManage_Handler
                0x00000000080019a8        0x6 ./Core/Src/stm32f3xx_it.o
                0x00000000080019a8                MemManage_Handler
 .text.BusFault_Handler
                0x00000000080019ae        0x6 ./Core/Src/stm32f3xx_it.o
                0x00000000080019ae                BusFault_Handler
 .text.UsageFault_Handler
                0x00000000080019b4        0x6 ./Core/Src/stm32f3xx_it.o
                0x00000000080019b4                UsageFault_Handler
 .text.DebugMon_Handler
                0x00000000080019ba        0xe ./Core/Src/stm32f3xx_it.o
                0x00000000080019ba                DebugMon_Handler
 .text.TIM1_UP_TIM16_IRQHandler
                0x00000000080019c8       0x14 ./Core/Src/stm32f3xx_it.o
                0x00000000080019c8                TIM1_UP_TIM16_IRQHandler
 .text.TIM4_IRQHandler
                0x00000000080019dc       0x14 ./Core/Src/stm32f3xx_it.o
                0x00000000080019dc                TIM4_IRQHandler
 .text.SystemInit
                0x00000000080019f0       0x24 ./Core/Src/system_stm32f3xx.o
                0x00000000080019f0                SystemInit
 .text.MX_TIM3_Init
                0x0000000008001a14      0x118 ./Core/Src/tim.o
                0x0000000008001a14                MX_TIM3_Init
 .text.MX_TIM4_Init
                0x0000000008001b2c       0xe4 ./Core/Src/tim.o
                0x0000000008001b2c                MX_TIM4_Init
 .text.HAL_TIM_Base_MspInit
                0x0000000008001c10       0xc0 ./Core/Src/tim.o
                0x0000000008001c10                HAL_TIM_Base_MspInit
 .text.HAL_TIM_MspPostInit
                0x0000000008001cd0       0xa8 ./Core/Src/tim.o
                0x0000000008001cd0                HAL_TIM_MspPostInit
 .text.MX_USART1_UART_Init
                0x0000000008001d78       0x60 ./Core/Src/usart.o
                0x0000000008001d78                MX_USART1_UART_Init
 .text.MX_USART2_UART_Init
                0x0000000008001dd8       0x60 ./Core/Src/usart.o
                0x0000000008001dd8                MX_USART2_UART_Init
 .text.HAL_UART_MspInit
                0x0000000008001e38       0xe8 ./Core/Src/usart.o
                0x0000000008001e38                HAL_UART_MspInit
 .text.Reset_Handler
                0x0000000008001f20       0x50 ./Core/Startup/startup_stm32f303retx.o
                0x0000000008001f20                Reset_Handler
 .text.Default_Handler
                0x0000000008001f70        0x2 ./Core/Startup/startup_stm32f303retx.o
                0x0000000008001f70                RTC_Alarm_IRQHandler
                0x0000000008001f70                TIM8_TRG_COM_IRQHandler
                0x0000000008001f70                TIM8_CC_IRQHandler
                0x0000000008001f70                SPI4_IRQHandler
                0x0000000008001f70                TIM1_CC_IRQHandler
                0x0000000008001f70                USB_HP_IRQHandler
                0x0000000008001f70                PVD_IRQHandler
                0x0000000008001f70                TAMP_STAMP_IRQHandler
                0x0000000008001f70                EXTI3_IRQHandler
                0x0000000008001f70                I2C3_ER_IRQHandler
                0x0000000008001f70                USB_HP_CAN_TX_IRQHandler
                0x0000000008001f70                EXTI0_IRQHandler
                0x0000000008001f70                I2C2_EV_IRQHandler
                0x0000000008001f70                FPU_IRQHandler
                0x0000000008001f70                ADC1_2_IRQHandler
                0x0000000008001f70                SPI1_IRQHandler
                0x0000000008001f70                CAN_SCE_IRQHandler
                0x0000000008001f70                TIM6_DAC_IRQHandler
                0x0000000008001f70                TIM8_UP_IRQHandler
                0x0000000008001f70                DMA2_Channel2_IRQHandler
                0x0000000008001f70                DMA1_Channel4_IRQHandler
                0x0000000008001f70                TIM20_TRG_COM_IRQHandler
                0x0000000008001f70                USART3_IRQHandler
                0x0000000008001f70                DMA1_Channel7_IRQHandler
                0x0000000008001f70                UART5_IRQHandler
                0x0000000008001f70                ADC3_IRQHandler
                0x0000000008001f70                CAN_RX1_IRQHandler
                0x0000000008001f70                DMA2_Channel1_IRQHandler
                0x0000000008001f70                I2C1_EV_IRQHandler
                0x0000000008001f70                DMA1_Channel6_IRQHandler
                0x0000000008001f70                UART4_IRQHandler
                0x0000000008001f70                DMA2_Channel4_IRQHandler
                0x0000000008001f70                TIM3_IRQHandler
                0x0000000008001f70                RCC_IRQHandler
                0x0000000008001f70                TIM20_UP_IRQHandler
                0x0000000008001f70                DMA1_Channel1_IRQHandler
                0x0000000008001f70                Default_Handler
                0x0000000008001f70                USBWakeUp_RMP_IRQHandler
                0x0000000008001f70                EXTI15_10_IRQHandler
                0x0000000008001f70                TIM7_IRQHandler
                0x0000000008001f70                I2C3_EV_IRQHandler
                0x0000000008001f70                EXTI9_5_IRQHandler
                0x0000000008001f70                RTC_WKUP_IRQHandler
                0x0000000008001f70                SPI2_IRQHandler
                0x0000000008001f70                USB_LP_CAN_RX0_IRQHandler
                0x0000000008001f70                DMA2_Channel5_IRQHandler
                0x0000000008001f70                DMA1_Channel5_IRQHandler
                0x0000000008001f70                USB_LP_IRQHandler
                0x0000000008001f70                EXTI4_IRQHandler
                0x0000000008001f70                TIM1_TRG_COM_TIM17_IRQHandler
                0x0000000008001f70                DMA1_Channel3_IRQHandler
                0x0000000008001f70                ADC4_IRQHandler
                0x0000000008001f70                WWDG_IRQHandler
                0x0000000008001f70                TIM2_IRQHandler
                0x0000000008001f70                COMP7_IRQHandler
                0x0000000008001f70                COMP1_2_3_IRQHandler
                0x0000000008001f70                EXTI1_IRQHandler
                0x0000000008001f70                USART2_IRQHandler
                0x0000000008001f70                COMP4_5_6_IRQHandler
                0x0000000008001f70                TIM20_BRK_IRQHandler
                0x0000000008001f70                I2C2_ER_IRQHandler
                0x0000000008001f70                DMA1_Channel2_IRQHandler
                0x0000000008001f70                TIM8_BRK_IRQHandler
                0x0000000008001f70                FLASH_IRQHandler
                0x0000000008001f70                TIM20_CC_IRQHandler
                0x0000000008001f70                USART1_IRQHandler
                0x0000000008001f70                SPI3_IRQHandler
                0x0000000008001f70                I2C1_ER_IRQHandler
                0x0000000008001f70                FMC_IRQHandler
                0x0000000008001f70                USBWakeUp_IRQHandler
                0x0000000008001f70                DMA2_Channel3_IRQHandler
                0x0000000008001f70                EXTI2_TSC_IRQHandler
                0x0000000008001f70                TIM1_BRK_TIM15_IRQHandler
 *fill*         0x0000000008001f72        0x2 
 .text.HAL_Init
                0x0000000008001f74       0x2c ./Drivers/STM32F3xx_HAL_Driver/Src/stm32f3xx_hal.o
                0x0000000008001f74                HAL_Init
 .text.HAL_IncTick
                0x0000000008001fa0       0x28 ./Drivers/STM32F3xx_HAL_Driver/Src/stm32f3xx_hal.o
                0x0000000008001fa0                HAL_IncTick
 .text.HAL_GetTick
                0x0000000008001fc8       0x18 ./Drivers/STM32F3xx_HAL_Driver/Src/stm32f3xx_hal.o
                0x0000000008001fc8                HAL_GetTick
 .text.HAL_ADC_Init
                0x0000000008001fe0      0x3f4 ./Drivers/STM32F3xx_HAL_Driver/Src/stm32f3xx_hal_adc_ex.o
                0x0000000008001fe0                HAL_ADC_Init
 .text.HAL_ADC_Start
                0x00000000080023d4      0x22c ./Drivers/STM32F3xx_HAL_Driver/Src/stm32f3xx_hal_adc_ex.o
                0x00000000080023d4                HAL_ADC_Start
 .text.HAL_ADC_PollForConversion
                0x0000000008002600      0x204 ./Drivers/STM32F3xx_HAL_Driver/Src/stm32f3xx_hal_adc_ex.o
                0x0000000008002600                HAL_ADC_PollForConversion
 .text.HAL_ADC_GetValue
                0x0000000008002804       0x1a ./Drivers/STM32F3xx_HAL_Driver/Src/stm32f3xx_hal_adc_ex.o
                0x0000000008002804                HAL_ADC_GetValue
 *fill*         0x000000000800281e        0x2 
 .text.HAL_ADC_ConfigChannel
                0x0000000008002820      0x5d4 ./Drivers/STM32F3xx_HAL_Driver/Src/stm32f3xx_hal_adc_ex.o
                0x0000000008002820                HAL_ADC_ConfigChannel
 .text.HAL_ADCEx_MultiModeConfigChannel
                0x0000000008002df4      0x1e4 ./Drivers/STM32F3xx_HAL_Driver/Src/stm32f3xx_hal_adc_ex.o
                0x0000000008002df4                HAL_ADCEx_MultiModeConfigChannel
 .text.ADC_Enable
                0x0000000008002fd8       0xc8 ./Drivers/STM32F3xx_HAL_Driver/Src/stm32f3xx_hal_adc_ex.o
 .text.ADC_Disable
                0x00000000080030a0       0xcc ./Drivers/STM32F3xx_HAL_Driver/Src/stm32f3xx_hal_adc_ex.o
 .text.__NVIC_SetPriorityGrouping
                0x000000000800316c       0x48 ./Drivers/STM32F3xx_HAL_Driver/Src/stm32f3xx_hal_cortex.o
 .text.__NVIC_GetPriorityGrouping
                0x00000000080031b4       0x1c ./Drivers/STM32F3xx_HAL_Driver/Src/stm32f3xx_hal_cortex.o
 .text.__NVIC_EnableIRQ
                0x00000000080031d0       0x3c ./Drivers/STM32F3xx_HAL_Driver/Src/stm32f3xx_hal_cortex.o
 .text.__NVIC_SetPriority
                0x000000000800320c       0x54 ./Drivers/STM32F3xx_HAL_Driver/Src/stm32f3xx_hal_cortex.o
 .text.NVIC_EncodePriority
                0x0000000008003260       0x66 ./Drivers/STM32F3xx_HAL_Driver/Src/stm32f3xx_hal_cortex.o
 .text.HAL_NVIC_SetPriorityGrouping
                0x00000000080032c6       0x16 ./Drivers/STM32F3xx_HAL_Driver/Src/stm32f3xx_hal_cortex.o
                0x00000000080032c6                HAL_NVIC_SetPriorityGrouping
 .text.HAL_NVIC_SetPriority
                0x00000000080032dc       0x38 ./Drivers/STM32F3xx_HAL_Driver/Src/stm32f3xx_hal_cortex.o
                0x00000000080032dc                HAL_NVIC_SetPriority
 .text.HAL_NVIC_EnableIRQ
                0x0000000008003314       0x1c ./Drivers/STM32F3xx_HAL_Driver/Src/stm32f3xx_hal_cortex.o
                0x0000000008003314                HAL_NVIC_EnableIRQ
 .text.HAL_GPIO_Init
                0x0000000008003330      0x314 ./Drivers/STM32F3xx_HAL_Driver/Src/stm32f3xx_hal_gpio.o
                0x0000000008003330                HAL_GPIO_Init
 .text.HAL_GPIO_ReadPin
                0x0000000008003644       0x30 ./Drivers/STM32F3xx_HAL_Driver/Src/stm32f3xx_hal_gpio.o
                0x0000000008003644                HAL_GPIO_ReadPin
 .text.HAL_GPIO_WritePin
                0x0000000008003674       0x30 ./Drivers/STM32F3xx_HAL_Driver/Src/stm32f3xx_hal_gpio.o
                0x0000000008003674                HAL_GPIO_WritePin
 .text.HAL_GPIO_TogglePin
                0x00000000080036a4       0x34 ./Drivers/STM32F3xx_HAL_Driver/Src/stm32f3xx_hal_gpio.o
                0x00000000080036a4                HAL_GPIO_TogglePin
 .text.HAL_RCC_OscConfig
                0x00000000080036d8     0x10a8 ./Drivers/STM32F3xx_HAL_Driver/Src/stm32f3xx_hal_rcc.o
                0x00000000080036d8                HAL_RCC_OscConfig
 .text.HAL_RCC_ClockConfig
                0x0000000008004780      0x2f8 ./Drivers/STM32F3xx_HAL_Driver/Src/stm32f3xx_hal_rcc.o
                0x0000000008004780                HAL_RCC_ClockConfig
 .text.HAL_RCC_GetSysClockFreq
                0x0000000008004a78       0xd4 ./Drivers/STM32F3xx_HAL_Driver/Src/stm32f3xx_hal_rcc.o
                0x0000000008004a78                HAL_RCC_GetSysClockFreq
 .text.HAL_RCC_GetHCLKFreq
                0x0000000008004b4c       0x18 ./Drivers/STM32F3xx_HAL_Driver/Src/stm32f3xx_hal_rcc.o
                0x0000000008004b4c                HAL_RCC_GetHCLKFreq
 .text.HAL_RCC_GetPCLK1Freq
                0x0000000008004b64       0x44 ./Drivers/STM32F3xx_HAL_Driver/Src/stm32f3xx_hal_rcc.o
                0x0000000008004b64                HAL_RCC_GetPCLK1Freq
 .text.HAL_RCC_GetPCLK2Freq
                0x0000000008004ba8       0x44 ./Drivers/STM32F3xx_HAL_Driver/Src/stm32f3xx_hal_rcc.o
                0x0000000008004ba8                HAL_RCC_GetPCLK2Freq
 .text.HAL_RCC_GetClockConfig
                0x0000000008004bec       0x64 ./Drivers/STM32F3xx_HAL_Driver/Src/stm32f3xx_hal_rcc.o
                0x0000000008004bec                HAL_RCC_GetClockConfig
 .text.HAL_RCCEx_PeriphCLKConfig
                0x0000000008004c50      0x43c ./Drivers/STM32F3xx_HAL_Driver/Src/stm32f3xx_hal_rcc_ex.o
                0x0000000008004c50                HAL_RCCEx_PeriphCLKConfig
 .text.HAL_TIM_Base_Init
                0x000000000800508c       0xae ./Drivers/STM32F3xx_HAL_Driver/Src/stm32f3xx_hal_tim.o
                0x000000000800508c                HAL_TIM_Base_Init
 *fill*         0x000000000800513a        0x2 
 .text.HAL_TIM_Base_Start_IT
                0x000000000800513c       0xe0 ./Drivers/STM32F3xx_HAL_Driver/Src/stm32f3xx_hal_tim.o
                0x000000000800513c                HAL_TIM_Base_Start_IT
 .text.HAL_TIM_PWM_Init
                0x000000000800521c       0xae ./Drivers/STM32F3xx_HAL_Driver/Src/stm32f3xx_hal_tim.o
                0x000000000800521c                HAL_TIM_PWM_Init
 .text.HAL_TIM_PWM_MspInit
                0x00000000080052ca       0x14 ./Drivers/STM32F3xx_HAL_Driver/Src/stm32f3xx_hal_tim.o
                0x00000000080052ca                HAL_TIM_PWM_MspInit
 *fill*         0x00000000080052de        0x2 
 .text.HAL_TIM_PWM_Start
                0x00000000080052e0      0x218 ./Drivers/STM32F3xx_HAL_Driver/Src/stm32f3xx_hal_tim.o
                0x00000000080052e0                HAL_TIM_PWM_Start
 .text.HAL_TIM_IC_Init
                0x00000000080054f8       0xae ./Drivers/STM32F3xx_HAL_Driver/Src/stm32f3xx_hal_tim.o
                0x00000000080054f8                HAL_TIM_IC_Init
 .text.HAL_TIM_IC_MspInit
                0x00000000080055a6       0x14 ./Drivers/STM32F3xx_HAL_Driver/Src/stm32f3xx_hal_tim.o
                0x00000000080055a6                HAL_TIM_IC_MspInit
 *fill*         0x00000000080055ba        0x2 
 .text.HAL_TIM_IC_Start_IT
                0x00000000080055bc      0x294 ./Drivers/STM32F3xx_HAL_Driver/Src/stm32f3xx_hal_tim.o
                0x00000000080055bc                HAL_TIM_IC_Start_IT
 .text.HAL_TIM_IRQHandler
                0x0000000008005850      0x23e ./Drivers/STM32F3xx_HAL_Driver/Src/stm32f3xx_hal_tim.o
                0x0000000008005850                HAL_TIM_IRQHandler
 .text.HAL_TIM_IC_ConfigChannel
                0x0000000008005a8e      0x138 ./Drivers/STM32F3xx_HAL_Driver/Src/stm32f3xx_hal_tim.o
                0x0000000008005a8e                HAL_TIM_IC_ConfigChannel
 *fill*         0x0000000008005bc6        0x2 
 .text.HAL_TIM_PWM_ConfigChannel
                0x0000000008005bc8      0x228 ./Drivers/STM32F3xx_HAL_Driver/Src/stm32f3xx_hal_tim.o
                0x0000000008005bc8                HAL_TIM_PWM_ConfigChannel
 .text.HAL_TIM_ConfigClockSource
                0x0000000008005df0      0x192 ./Drivers/STM32F3xx_HAL_Driver/Src/stm32f3xx_hal_tim.o
                0x0000000008005df0                HAL_TIM_ConfigClockSource
 *fill*         0x0000000008005f82        0x2 
 .text.HAL_TIM_ReadCapturedValue
                0x0000000008005f84       0x88 ./Drivers/STM32F3xx_HAL_Driver/Src/stm32f3xx_hal_tim.o
                0x0000000008005f84                HAL_TIM_ReadCapturedValue
 .text.HAL_TIM_OC_DelayElapsedCallback
                0x000000000800600c       0x14 ./Drivers/STM32F3xx_HAL_Driver/Src/stm32f3xx_hal_tim.o
                0x000000000800600c                HAL_TIM_OC_DelayElapsedCallback
 .text.HAL_TIM_PWM_PulseFinishedCallback
                0x0000000008006020       0x14 ./Drivers/STM32F3xx_HAL_Driver/Src/stm32f3xx_hal_tim.o
                0x0000000008006020                HAL_TIM_PWM_PulseFinishedCallback
 .text.HAL_TIM_TriggerCallback
                0x0000000008006034       0x14 ./Drivers/STM32F3xx_HAL_Driver/Src/stm32f3xx_hal_tim.o
                0x0000000008006034                HAL_TIM_TriggerCallback
 .text.TIM_Base_SetConfig
                0x0000000008006048      0x13c ./Drivers/STM32F3xx_HAL_Driver/Src/stm32f3xx_hal_tim.o
                0x0000000008006048                TIM_Base_SetConfig
 .text.TIM_OC1_SetConfig
                0x0000000008006184      0x134 ./Drivers/STM32F3xx_HAL_Driver/Src/stm32f3xx_hal_tim.o
 .text.TIM_OC2_SetConfig
                0x00000000080062b8      0x128 ./Drivers/STM32F3xx_HAL_Driver/Src/stm32f3xx_hal_tim.o
                0x00000000080062b8                TIM_OC2_SetConfig
 .text.TIM_OC3_SetConfig
                0x00000000080063e0      0x124 ./Drivers/STM32F3xx_HAL_Driver/Src/stm32f3xx_hal_tim.o
 .text.TIM_OC4_SetConfig
                0x0000000008006504       0xe0 ./Drivers/STM32F3xx_HAL_Driver/Src/stm32f3xx_hal_tim.o
 .text.TIM_OC5_SetConfig
                0x00000000080065e4       0xd4 ./Drivers/STM32F3xx_HAL_Driver/Src/stm32f3xx_hal_tim.o
 .text.TIM_OC6_SetConfig
                0x00000000080066b8       0xd8 ./Drivers/STM32F3xx_HAL_Driver/Src/stm32f3xx_hal_tim.o
 .text.TIM_TI1_SetConfig
                0x0000000008006790       0xdc ./Drivers/STM32F3xx_HAL_Driver/Src/stm32f3xx_hal_tim.o
                0x0000000008006790                TIM_TI1_SetConfig
 .text.TIM_TI1_ConfigInputStage
                0x000000000800686c       0x5e ./Drivers/STM32F3xx_HAL_Driver/Src/stm32f3xx_hal_tim.o
 .text.TIM_TI2_SetConfig
                0x00000000080068ca       0x7a ./Drivers/STM32F3xx_HAL_Driver/Src/stm32f3xx_hal_tim.o
 .text.TIM_TI2_ConfigInputStage
                0x0000000008006944       0x60 ./Drivers/STM32F3xx_HAL_Driver/Src/stm32f3xx_hal_tim.o
 .text.TIM_TI3_SetConfig
                0x00000000080069a4       0x78 ./Drivers/STM32F3xx_HAL_Driver/Src/stm32f3xx_hal_tim.o
 .text.TIM_TI4_SetConfig
                0x0000000008006a1c       0x7a ./Drivers/STM32F3xx_HAL_Driver/Src/stm32f3xx_hal_tim.o
 .text.TIM_ITRx_SetConfig
                0x0000000008006a96       0x36 ./Drivers/STM32F3xx_HAL_Driver/Src/stm32f3xx_hal_tim.o
 .text.TIM_ETR_SetConfig
                0x0000000008006acc       0x40 ./Drivers/STM32F3xx_HAL_Driver/Src/stm32f3xx_hal_tim.o
                0x0000000008006acc                TIM_ETR_SetConfig
 .text.TIM_CCxChannelCmd
                0x0000000008006b0c       0x4a ./Drivers/STM32F3xx_HAL_Driver/Src/stm32f3xx_hal_tim.o
                0x0000000008006b0c                TIM_CCxChannelCmd
 *fill*         0x0000000008006b56        0x2 
 .text.HAL_TIMEx_MasterConfigSynchronization
                0x0000000008006b58      0x118 ./Drivers/STM32F3xx_HAL_Driver/Src/stm32f3xx_hal_tim_ex.o
                0x0000000008006b58                HAL_TIMEx_MasterConfigSynchronization
 .text.HAL_TIMEx_CommutCallback
                0x0000000008006c70       0x14 ./Drivers/STM32F3xx_HAL_Driver/Src/stm32f3xx_hal_tim_ex.o
                0x0000000008006c70                HAL_TIMEx_CommutCallback
 .text.HAL_TIMEx_BreakCallback
                0x0000000008006c84       0x14 ./Drivers/STM32F3xx_HAL_Driver/Src/stm32f3xx_hal_tim_ex.o
                0x0000000008006c84                HAL_TIMEx_BreakCallback
 .text.HAL_TIMEx_Break2Callback
                0x0000000008006c98       0x14 ./Drivers/STM32F3xx_HAL_Driver/Src/stm32f3xx_hal_tim_ex.o
                0x0000000008006c98                HAL_TIMEx_Break2Callback
 .text.HAL_UART_Init
                0x0000000008006cac       0x9c ./Drivers/STM32F3xx_HAL_Driver/Src/stm32f3xx_hal_uart.o
                0x0000000008006cac                HAL_UART_Init
 .text.HAL_UART_Receive
                0x0000000008006d48      0x192 ./Drivers/STM32F3xx_HAL_Driver/Src/stm32f3xx_hal_uart.o
                0x0000000008006d48                HAL_UART_Receive
 *fill*         0x0000000008006eda        0x2 
 .text.UART_SetConfig
                0x0000000008006edc      0x3a8 ./Drivers/STM32F3xx_HAL_Driver/Src/stm32f3xx_hal_uart.o
                0x0000000008006edc                UART_SetConfig
 .text.UART_AdvFeatureConfig
                0x0000000008007284      0x144 ./Drivers/STM32F3xx_HAL_Driver/Src/stm32f3xx_hal_uart.o
                0x0000000008007284                UART_AdvFeatureConfig
 .text.UART_CheckIdleState
                0x00000000080073c8      0x150 ./Drivers/STM32F3xx_HAL_Driver/Src/stm32f3xx_hal_uart.o
                0x00000000080073c8                UART_CheckIdleState
 .text.UART_WaitOnFlagUntilTimeout
                0x0000000008007518       0xce ./Drivers/STM32F3xx_HAL_Driver/Src/stm32f3xx_hal_uart.o
                0x0000000008007518                UART_WaitOnFlagUntilTimeout
 .text.UART_EndRxTransfer
                0x00000000080075e6       0xc8 ./Drivers/STM32F3xx_HAL_Driver/Src/stm32f3xx_hal_uart.o
 *fill*         0x00000000080076ae        0x2 
 .text.osKernelInitialize
                0x00000000080076b0       0x68 ./Middlewares/Third_Party/FreeRTOS/Source/CMSIS_RTOS_V2/cmsis_os2.o
                0x00000000080076b0                osKernelInitialize
 .text.osKernelStart
                0x0000000008007718       0x68 ./Middlewares/Third_Party/FreeRTOS/Source/CMSIS_RTOS_V2/cmsis_os2.o
                0x0000000008007718                osKernelStart
 .text.osThreadNew
                0x0000000008007780      0x154 ./Middlewares/Third_Party/FreeRTOS/Source/CMSIS_RTOS_V2/cmsis_os2.o
                0x0000000008007780                osThreadNew
 .text.osDelay  0x00000000080078d4       0x5c ./Middlewares/Third_Party/FreeRTOS/Source/CMSIS_RTOS_V2/cmsis_os2.o
                0x00000000080078d4                osDelay
 .text.osSemaphoreNew
                0x0000000008007930      0x138 ./Middlewares/Third_Party/FreeRTOS/Source/CMSIS_RTOS_V2/cmsis_os2.o
                0x0000000008007930                osSemaphoreNew
 .text.vApplicationGetIdleTaskMemory
                0x0000000008007a68       0x34 ./Middlewares/Third_Party/FreeRTOS/Source/CMSIS_RTOS_V2/cmsis_os2.o
                0x0000000008007a68                vApplicationGetIdleTaskMemory
 .text.vApplicationGetTimerTaskMemory
                0x0000000008007a9c       0x34 ./Middlewares/Third_Party/FreeRTOS/Source/CMSIS_RTOS_V2/cmsis_os2.o
                0x0000000008007a9c                vApplicationGetTimerTaskMemory
 .text.vListInitialise
                0x0000000008007ad0       0x40 ./Middlewares/Third_Party/FreeRTOS/Source/list.o
                0x0000000008007ad0                vListInitialise
 .text.vListInitialiseItem
                0x0000000008007b10       0x1a ./Middlewares/Third_Party/FreeRTOS/Source/list.o
                0x0000000008007b10                vListInitialiseItem
 .text.vListInsertEnd
                0x0000000008007b2a       0x48 ./Middlewares/Third_Party/FreeRTOS/Source/list.o
                0x0000000008007b2a                vListInsertEnd
 .text.vListInsert
                0x0000000008007b72       0x72 ./Middlewares/Third_Party/FreeRTOS/Source/list.o
                0x0000000008007b72                vListInsert
 .text.uxListRemove
                0x0000000008007be4       0x54 ./Middlewares/Third_Party/FreeRTOS/Source/list.o
                0x0000000008007be4                uxListRemove
 .text.xQueueGenericReset
                0x0000000008007c38       0xd0 ./Middlewares/Third_Party/FreeRTOS/Source/queue.o
                0x0000000008007c38                xQueueGenericReset
 .text.xQueueGenericCreateStatic
                0x0000000008007d08       0xee ./Middlewares/Third_Party/FreeRTOS/Source/queue.o
                0x0000000008007d08                xQueueGenericCreateStatic
 .text.xQueueGenericCreate
                0x0000000008007df6       0x7c ./Middlewares/Third_Party/FreeRTOS/Source/queue.o
                0x0000000008007df6                xQueueGenericCreate
 .text.prvInitialiseNewQueue
                0x0000000008007e72       0x46 ./Middlewares/Third_Party/FreeRTOS/Source/queue.o
 .text.xQueueCreateCountingSemaphoreStatic
                0x0000000008007eb8       0x6e ./Middlewares/Third_Party/FreeRTOS/Source/queue.o
                0x0000000008007eb8                xQueueCreateCountingSemaphoreStatic
 .text.xQueueCreateCountingSemaphore
                0x0000000008007f26       0x66 ./Middlewares/Third_Party/FreeRTOS/Source/queue.o
                0x0000000008007f26                xQueueCreateCountingSemaphore
 .text.xQueueGenericSend
                0x0000000008007f8c      0x1fc ./Middlewares/Third_Party/FreeRTOS/Source/queue.o
                0x0000000008007f8c                xQueueGenericSend
 .text.xQueueGenericSendFromISR
                0x0000000008008188      0x130 ./Middlewares/Third_Party/FreeRTOS/Source/queue.o
                0x0000000008008188                xQueueGenericSendFromISR
 .text.xQueueReceive
                0x00000000080082b8      0x1c0 ./Middlewares/Third_Party/FreeRTOS/Source/queue.o
                0x00000000080082b8                xQueueReceive
 .text.vQueueDelete
                0x0000000008008478       0x46 ./Middlewares/Third_Party/FreeRTOS/Source/queue.o
                0x0000000008008478                vQueueDelete
 .text.prvCopyDataToQueue
                0x00000000080084be       0xd4 ./Middlewares/Third_Party/FreeRTOS/Source/queue.o
 .text.prvCopyDataFromQueue
                0x0000000008008592       0x4c ./Middlewares/Third_Party/FreeRTOS/Source/queue.o
 .text.prvUnlockQueue
                0x00000000080085de       0xa4 ./Middlewares/Third_Party/FreeRTOS/Source/queue.o
 .text.prvIsQueueEmpty
                0x0000000008008682       0x2c ./Middlewares/Third_Party/FreeRTOS/Source/queue.o
 .text.prvIsQueueFull
                0x00000000080086ae       0x30 ./Middlewares/Third_Party/FreeRTOS/Source/queue.o
 *fill*         0x00000000080086de        0x2 
 .text.vQueueAddToRegistry
                0x00000000080086e0       0x54 ./Middlewares/Third_Party/FreeRTOS/Source/queue.o
                0x00000000080086e0                vQueueAddToRegistry
 .text.vQueueUnregisterQueue
                0x0000000008008734       0x54 ./Middlewares/Third_Party/FreeRTOS/Source/queue.o
                0x0000000008008734                vQueueUnregisterQueue
 .text.vQueueWaitForMessageRestricted
                0x0000000008008788       0x68 ./Middlewares/Third_Party/FreeRTOS/Source/queue.o
                0x0000000008008788                vQueueWaitForMessageRestricted
 .text.xTaskCreateStatic
                0x00000000080087f0       0xb8 ./Middlewares/Third_Party/FreeRTOS/Source/tasks.o
                0x00000000080087f0                xTaskCreateStatic
 .text.xTaskCreate
                0x00000000080088a8       0x8a ./Middlewares/Third_Party/FreeRTOS/Source/tasks.o
                0x00000000080088a8                xTaskCreate
 .text.prvInitialiseNewTask
                0x0000000008008932      0x10e ./Middlewares/Third_Party/FreeRTOS/Source/tasks.o
 .text.prvAddNewTaskToReadyList
                0x0000000008008a40       0xe0 ./Middlewares/Third_Party/FreeRTOS/Source/tasks.o
 .text.vTaskDelay
                0x0000000008008b20       0x68 ./Middlewares/Third_Party/FreeRTOS/Source/tasks.o
                0x0000000008008b20                vTaskDelay
 .text.vTaskStartScheduler
                0x0000000008008b88       0xcc ./Middlewares/Third_Party/FreeRTOS/Source/tasks.o
                0x0000000008008b88                vTaskStartScheduler
 .text.vTaskSuspendAll
                0x0000000008008c54       0x1c ./Middlewares/Third_Party/FreeRTOS/Source/tasks.o
                0x0000000008008c54                vTaskSuspendAll
 .text.xTaskResumeAll
                0x0000000008008c70      0x13c ./Middlewares/Third_Party/FreeRTOS/Source/tasks.o
                0x0000000008008c70                xTaskResumeAll
 .text.xTaskGetTickCount
                0x0000000008008dac       0x20 ./Middlewares/Third_Party/FreeRTOS/Source/tasks.o
                0x0000000008008dac                xTaskGetTickCount
 .text.xTaskIncrementTick
                0x0000000008008dcc      0x17c ./Middlewares/Third_Party/FreeRTOS/Source/tasks.o
                0x0000000008008dcc                xTaskIncrementTick
 .text.vTaskSwitchContext
                0x0000000008008f48       0xbc ./Middlewares/Third_Party/FreeRTOS/Source/tasks.o
                0x0000000008008f48                vTaskSwitchContext
 .text.vTaskPlaceOnEventList
                0x0000000008009004       0x48 ./Middlewares/Third_Party/FreeRTOS/Source/tasks.o
                0x0000000008009004                vTaskPlaceOnEventList
 .text.vTaskPlaceOnEventListRestricted
                0x000000000800904c       0x58 ./Middlewares/Third_Party/FreeRTOS/Source/tasks.o
                0x000000000800904c                vTaskPlaceOnEventListRestricted
 .text.xTaskRemoveFromEventList
                0x00000000080090a4       0xc8 ./Middlewares/Third_Party/FreeRTOS/Source/tasks.o
                0x00000000080090a4                xTaskRemoveFromEventList
 .text.vTaskInternalSetTimeOutState
                0x000000000800916c       0x2c ./Middlewares/Third_Party/FreeRTOS/Source/tasks.o
                0x000000000800916c                vTaskInternalSetTimeOutState
 .text.xTaskCheckForTimeOut
                0x0000000008009198       0xc4 ./Middlewares/Third_Party/FreeRTOS/Source/tasks.o
                0x0000000008009198                xTaskCheckForTimeOut
 .text.vTaskMissedYield
                0x000000000800925c       0x18 ./Middlewares/Third_Party/FreeRTOS/Source/tasks.o
                0x000000000800925c                vTaskMissedYield
 .text.prvIdleTask
                0x0000000008009274       0x30 ./Middlewares/Third_Party/FreeRTOS/Source/tasks.o
 .text.prvInitialiseTaskLists
                0x00000000080092a4       0x80 ./Middlewares/Third_Party/FreeRTOS/Source/tasks.o
 .text.prvCheckTasksWaitingTermination
                0x0000000008009324       0x5c ./Middlewares/Third_Party/FreeRTOS/Source/tasks.o
 .text.prvDeleteTCB
                0x0000000008009380       0x5e ./Middlewares/Third_Party/FreeRTOS/Source/tasks.o
 *fill*         0x00000000080093de        0x2 
 .text.prvResetNextTaskUnblockTime
                0x00000000080093e0       0x4c ./Middlewares/Third_Party/FreeRTOS/Source/tasks.o
 .text.xTaskGetSchedulerState
                0x000000000800942c       0x3c ./Middlewares/Third_Party/FreeRTOS/Source/tasks.o
                0x000000000800942c                xTaskGetSchedulerState
 .text.xTaskPriorityDisinherit
                0x0000000008009468       0xdc ./Middlewares/Third_Party/FreeRTOS/Source/tasks.o
                0x0000000008009468                xTaskPriorityDisinherit
 .text.prvAddCurrentTaskToDelayedList
                0x0000000008009544       0xa8 ./Middlewares/Third_Party/FreeRTOS/Source/tasks.o
 .text.xTimerCreateTimerTask
                0x00000000080095ec       0x90 ./Middlewares/Third_Party/FreeRTOS/Source/timers.o
                0x00000000080095ec                xTimerCreateTimerTask
 .text.xTimerGenericCommand
                0x000000000800967c       0x9c ./Middlewares/Third_Party/FreeRTOS/Source/timers.o
                0x000000000800967c                xTimerGenericCommand
 .text.prvProcessExpiredTimer
                0x0000000008009718       0x80 ./Middlewares/Third_Party/FreeRTOS/Source/timers.o
 .text.prvTimerTask
                0x0000000008009798       0x24 ./Middlewares/Third_Party/FreeRTOS/Source/timers.o
 .text.prvProcessTimerOrBlockTask
                0x00000000080097bc       0x9c ./Middlewares/Third_Party/FreeRTOS/Source/timers.o
 .text.prvGetNextExpireTime
                0x0000000008009858       0x48 ./Middlewares/Third_Party/FreeRTOS/Source/timers.o
 .text.prvSampleTimeNow
                0x00000000080098a0       0x40 ./Middlewares/Third_Party/FreeRTOS/Source/timers.o
 .text.prvInsertTimerInActiveList
                0x00000000080098e0       0x84 ./Middlewares/Third_Party/FreeRTOS/Source/timers.o
 .text.prvProcessReceivedCommands
                0x0000000008009964      0x168 ./Middlewares/Third_Party/FreeRTOS/Source/timers.o
 .text.prvSwitchTimerLists
                0x0000000008009acc       0xc4 ./Middlewares/Third_Party/FreeRTOS/Source/timers.o
 .text.prvCheckForValidListAndQueue
                0x0000000008009b90       0x80 ./Middlewares/Third_Party/FreeRTOS/Source/timers.o
 .text.pxPortInitialiseStack
                0x0000000008009c10       0x68 ./Middlewares/Third_Party/FreeRTOS/Source/portable/GCC/ARM_CM4F/port.o
                0x0000000008009c10                pxPortInitialiseStack
 .text.prvTaskExitError
                0x0000000008009c78       0x58 ./Middlewares/Third_Party/FreeRTOS/Source/portable/GCC/ARM_CM4F/port.o
 .text.SVC_Handler
                0x0000000008009cd0       0x28 ./Middlewares/Third_Party/FreeRTOS/Source/portable/GCC/ARM_CM4F/port.o
                0x0000000008009cd0                SVC_Handler
 .text.prvPortStartFirstTask
                0x0000000008009cf8       0x28 ./Middlewares/Third_Party/FreeRTOS/Source/portable/GCC/ARM_CM4F/port.o
 .text.xPortStartScheduler
                0x0000000008009d20      0x144 ./Middlewares/Third_Party/FreeRTOS/Source/portable/GCC/ARM_CM4F/port.o
                0x0000000008009d20                xPortStartScheduler
 .text.vPortEnterCritical
                0x0000000008009e64       0x60 ./Middlewares/Third_Party/FreeRTOS/Source/portable/GCC/ARM_CM4F/port.o
                0x0000000008009e64                vPortEnterCritical
 .text.vPortExitCritical
                0x0000000008009ec4       0x54 ./Middlewares/Third_Party/FreeRTOS/Source/portable/GCC/ARM_CM4F/port.o
                0x0000000008009ec4                vPortExitCritical
 *fill*         0x0000000008009f18        0x8 
 .text.PendSV_Handler
                0x0000000008009f20       0x68 ./Middlewares/Third_Party/FreeRTOS/Source/portable/GCC/ARM_CM4F/port.o
                0x0000000008009f20                PendSV_Handler
 .text.SysTick_Handler
                0x0000000008009f88       0x44 ./Middlewares/Third_Party/FreeRTOS/Source/portable/GCC/ARM_CM4F/port.o
                0x0000000008009f88                SysTick_Handler
 .text.vPortSetupTimerInterrupt
                0x0000000008009fcc       0x48 ./Middlewares/Third_Party/FreeRTOS/Source/portable/GCC/ARM_CM4F/port.o
                0x0000000008009fcc                vPortSetupTimerInterrupt
 .text.vPortEnableVFP
                0x000000000800a014       0x14 ./Middlewares/Third_Party/FreeRTOS/Source/portable/GCC/ARM_CM4F/port.o
 .text.vPortValidateInterruptPriority
                0x000000000800a028       0x80 ./Middlewares/Third_Party/FreeRTOS/Source/portable/GCC/ARM_CM4F/port.o
                0x000000000800a028                vPortValidateInterruptPriority
 .text.pvPortMalloc
                0x000000000800a0a8      0x188 ./Middlewares/Third_Party/FreeRTOS/Source/portable/MemMang/heap_4.o
                0x000000000800a0a8                pvPortMalloc
 .text.vPortFree
                0x000000000800a230       0xb4 ./Middlewares/Third_Party/FreeRTOS/Source/portable/MemMang/heap_4.o
                0x000000000800a230                vPortFree
 .text.prvHeapInit
                0x000000000800a2e4       0xc4 ./Middlewares/Third_Party/FreeRTOS/Source/portable/MemMang/heap_4.o
 .text.prvInsertBlockIntoFreeList
                0x000000000800a3a8       0xb4 ./Middlewares/Third_Party/FreeRTOS/Source/portable/MemMang/heap_4.o
 .text.memset   0x000000000800a45c       0x10 C:/ST/STM32CubeIDE_1.14.1/STM32CubeIDE/plugins/com.st.stm32cube.ide.mcu.externaltools.gnu-tools-for-stm32.11.3.rel1.win32_1.1.100.202309141235/tools/bin/../lib/gcc/arm-none-eabi/11.3.1/../../../../arm-none-eabi/lib/thumb/v7e-m+fp/hard\libc_nano.a(libc_a-memset.o)
                0x000000000800a45c                memset
 .text.__libc_init_array
                0x000000000800a46c       0x48 C:/ST/STM32CubeIDE_1.14.1/STM32CubeIDE/plugins/com.st.stm32cube.ide.mcu.externaltools.gnu-tools-for-stm32.11.3.rel1.win32_1.1.100.202309141235/tools/bin/../lib/gcc/arm-none-eabi/11.3.1/../../../../arm-none-eabi/lib/thumb/v7e-m+fp/hard\libc_nano.a(libc_a-init.o)
                0x000000000800a46c                __libc_init_array
 .text.memcpy   0x000000000800a4b4       0x1c C:/ST/STM32CubeIDE_1.14.1/STM32CubeIDE/plugins/com.st.stm32cube.ide.mcu.externaltools.gnu-tools-for-stm32.11.3.rel1.win32_1.1.100.202309141235/tools/bin/../lib/gcc/arm-none-eabi/11.3.1/../../../../arm-none-eabi/lib/thumb/v7e-m+fp/hard\libc_nano.a(libc_a-memcpy-stub.o)
                0x000000000800a4b4                memcpy
 *(.glue_7)
 .glue_7        0x000000000800a4d0        0x0 linker stubs
 *(.glue_7t)
 .glue_7t       0x000000000800a4d0        0x0 linker stubs
 *(.eh_frame)
 .eh_frame      0x000000000800a4d0        0x0 C:/ST/STM32CubeIDE_1.14.1/STM32CubeIDE/plugins/com.st.stm32cube.ide.mcu.externaltools.gnu-tools-for-stm32.11.3.rel1.win32_1.1.100.202309141235/tools/bin/../lib/gcc/arm-none-eabi/11.3.1/thumb/v7e-m+fp/hard/crtbegin.o
 *(.init)
 .init          0x000000000800a4d0        0x4 C:/ST/STM32CubeIDE_1.14.1/STM32CubeIDE/plugins/com.st.stm32cube.ide.mcu.externaltools.gnu-tools-for-stm32.11.3.rel1.win32_1.1.100.202309141235/tools/bin/../lib/gcc/arm-none-eabi/11.3.1/thumb/v7e-m+fp/hard/crti.o
                0x000000000800a4d0                _init
 .init          0x000000000800a4d4        0x8 C:/ST/STM32CubeIDE_1.14.1/STM32CubeIDE/plugins/com.st.stm32cube.ide.mcu.externaltools.gnu-tools-for-stm32.11.3.rel1.win32_1.1.100.202309141235/tools/bin/../lib/gcc/arm-none-eabi/11.3.1/thumb/v7e-m+fp/hard/crtn.o
 *(.fini)
 .fini          0x000000000800a4dc        0x4 C:/ST/STM32CubeIDE_1.14.1/STM32CubeIDE/plugins/com.st.stm32cube.ide.mcu.externaltools.gnu-tools-for-stm32.11.3.rel1.win32_1.1.100.202309141235/tools/bin/../lib/gcc/arm-none-eabi/11.3.1/thumb/v7e-m+fp/hard/crti.o
                0x000000000800a4dc                _fini
 .fini          0x000000000800a4e0        0x8 C:/ST/STM32CubeIDE_1.14.1/STM32CubeIDE/plugins/com.st.stm32cube.ide.mcu.externaltools.gnu-tools-for-stm32.11.3.rel1.win32_1.1.100.202309141235/tools/bin/../lib/gcc/arm-none-eabi/11.3.1/thumb/v7e-m+fp/hard/crtn.o
                0x000000000800a4e8                . = ALIGN (0x4)
                0x000000000800a4e8                _etext = .

.vfp11_veneer   0x000000000800a4e8        0x0
 .vfp11_veneer  0x000000000800a4e8        0x0 linker stubs

.v4_bx          0x000000000800a4e8        0x0
 .v4_bx         0x000000000800a4e8        0x0 linker stubs

.iplt           0x000000000800a4e8        0x0
 .iplt          0x000000000800a4e8        0x0 C:/ST/STM32CubeIDE_1.14.1/STM32CubeIDE/plugins/com.st.stm32cube.ide.mcu.externaltools.gnu-tools-for-stm32.11.3.rel1.win32_1.1.100.202309141235/tools/bin/../lib/gcc/arm-none-eabi/11.3.1/thumb/v7e-m+fp/hard/crtbegin.o

.rodata         0x000000000800a4e8      0x14c
                0x000000000800a4e8                . = ALIGN (0x4)
 *(.rodata)
 .rodata        0x000000000800a4e8       0x36 ./Core/Src/freertos.o
 *fill*         0x000000000800a51e        0x2 
 .rodata        0x000000000800a520        0x5 ./Middlewares/Third_Party/FreeRTOS/Source/tasks.o
 *fill*         0x000000000800a525        0x3 
 .rodata        0x000000000800a528        0xd ./Middlewares/Third_Party/FreeRTOS/Source/timers.o
 *(.rodata*)
 *fill*         0x000000000800a535        0x3 
 .rodata.LKS__attributes
                0x000000000800a538       0x24 ./Core/Src/freertos.o
                0x000000000800a538                LKS__attributes
 .rodata.ACC__attributes
                0x000000000800a55c       0x24 ./Core/Src/freertos.o
                0x000000000800a55c                ACC__attributes
 .rodata.AB__attributes
                0x000000000800a580       0x24 ./Core/Src/freertos.o
                0x000000000800a580                AB__attributes
 .rodata.BLUETOOTH__attributes
                0x000000000800a5a4       0x24 ./Core/Src/freertos.o
                0x000000000800a5a4                BLUETOOTH__attributes
 .rodata.ALC__attributes
                0x000000000800a5c8       0x24 ./Core/Src/freertos.o
                0x000000000800a5c8                ALC__attributes
 .rodata.LKS_semaphore_attributes
                0x000000000800a5ec       0x10 ./Core/Src/freertos.o
                0x000000000800a5ec                LKS_semaphore_attributes
 .rodata.AHBPrescTable
                0x000000000800a5fc       0x10 ./Core/Src/system_stm32f3xx.o
                0x000000000800a5fc                AHBPrescTable
 .rodata.APBPrescTable
                0x000000000800a60c        0x8 ./Core/Src/system_stm32f3xx.o
                0x000000000800a60c                APBPrescTable
 .rodata.aPLLMULFactorTable
                0x000000000800a614       0x10 ./Drivers/STM32F3xx_HAL_Driver/Src/stm32f3xx_hal_rcc.o
 .rodata.aPredivFactorTable
                0x000000000800a624       0x10 ./Drivers/STM32F3xx_HAL_Driver/Src/stm32f3xx_hal_rcc.o
                0x000000000800a634                . = ALIGN (0x4)

.rel.dyn        0x000000000800a634        0x0
 .rel.iplt      0x000000000800a634        0x0 C:/ST/STM32CubeIDE_1.14.1/STM32CubeIDE/plugins/com.st.stm32cube.ide.mcu.externaltools.gnu-tools-for-stm32.11.3.rel1.win32_1.1.100.202309141235/tools/bin/../lib/gcc/arm-none-eabi/11.3.1/thumb/v7e-m+fp/hard/crtbegin.o

.ARM.extab      0x000000000800a634        0x0
                0x000000000800a634                . = ALIGN (0x4)
 *(.ARM.extab* .gnu.linkonce.armextab.*)
                0x000000000800a634                . = ALIGN (0x4)

.ARM            0x000000000800a634        0x0
                0x000000000800a634                . = ALIGN (0x4)
                0x000000000800a634                __exidx_start = .
 *(.ARM.exidx*)
                0x000000000800a634                __exidx_end = .
                0x000000000800a634                . = ALIGN (0x4)

.preinit_array  0x000000000800a634        0x0
                0x000000000800a634                . = ALIGN (0x4)
                0x000000000800a634                PROVIDE (__preinit_array_start = .)
 *(.preinit_array*)
                0x000000000800a634                PROVIDE (__preinit_array_end = .)
                0x000000000800a634                . = ALIGN (0x4)

.init_array     0x000000000800a634        0x4
                0x000000000800a634                . = ALIGN (0x4)
                0x000000000800a634                PROVIDE (__init_array_start = .)
 *(SORT_BY_NAME(.init_array.*))
 *(.init_array*)
 .init_array    0x000000000800a634        0x4 C:/ST/STM32CubeIDE_1.14.1/STM32CubeIDE/plugins/com.st.stm32cube.ide.mcu.externaltools.gnu-tools-for-stm32.11.3.rel1.win32_1.1.100.202309141235/tools/bin/../lib/gcc/arm-none-eabi/11.3.1/thumb/v7e-m+fp/hard/crtbegin.o
                0x000000000800a638                PROVIDE (__init_array_end = .)
                0x000000000800a638                . = ALIGN (0x4)

.fini_array     0x000000000800a638        0x4
                0x000000000800a638                . = ALIGN (0x4)
                [!provide]                        PROVIDE (__fini_array_start = .)
 *(SORT_BY_NAME(.fini_array.*))
 *(.fini_array*)
 .fini_array    0x000000000800a638        0x4 C:/ST/STM32CubeIDE_1.14.1/STM32CubeIDE/plugins/com.st.stm32cube.ide.mcu.externaltools.gnu-tools-for-stm32.11.3.rel1.win32_1.1.100.202309141235/tools/bin/../lib/gcc/arm-none-eabi/11.3.1/thumb/v7e-m+fp/hard/crtbegin.o
                [!provide]                        PROVIDE (__fini_array_end = .)
                0x000000000800a63c                . = ALIGN (0x4)
                0x000000000800a63c                _sidata = LOADADDR (.data)

.data           0x0000000020000000       0x14 load address 0x000000000800a63c
                0x0000000020000000                . = ALIGN (0x4)
                0x0000000020000000                _sdata = .
 *(.data)
 *(.data*)
 .data.LKS_mode
                0x0000000020000000        0x1 ./Core/Src/freertos.o
                0x0000000020000000                LKS_mode
 *fill*         0x0000000020000001        0x3 
 .data.SystemCoreClock
                0x0000000020000004        0x4 ./Core/Src/system_stm32f3xx.o
                0x0000000020000004                SystemCoreClock
 .data.uwTickPrio
                0x0000000020000008        0x4 ./Drivers/STM32F3xx_HAL_Driver/Src/stm32f3xx_hal.o
                0x0000000020000008                uwTickPrio
 .data.uwTickFreq
                0x000000002000000c        0x1 ./Drivers/STM32F3xx_HAL_Driver/Src/stm32f3xx_hal.o
                0x000000002000000c                uwTickFreq
 *fill*         0x000000002000000d        0x3 
 .data.uxCriticalNesting
                0x0000000020000010        0x4 ./Middlewares/Third_Party/FreeRTOS/Source/portable/GCC/ARM_CM4F/port.o
 *(.RamFunc)
 *(.RamFunc*)
                0x0000000020000014                . = ALIGN (0x4)
                0x0000000020000014                _edata = .
                0x000000000800a650                _siccmram = LOADADDR (.ccmram)

.igot.plt       0x0000000020000014        0x0 load address 0x000000000800a650
 .igot.plt      0x0000000020000014        0x0 C:/ST/STM32CubeIDE_1.14.1/STM32CubeIDE/plugins/com.st.stm32cube.ide.mcu.externaltools.gnu-tools-for-stm32.11.3.rel1.win32_1.1.100.202309141235/tools/bin/../lib/gcc/arm-none-eabi/11.3.1/thumb/v7e-m+fp/hard/crtbegin.o

.ccmram         0x0000000010000000        0x0 load address 0x000000000800a650
                0x0000000010000000                . = ALIGN (0x4)
                0x0000000010000000                _sccmram = .
 *(.ccmram)
 *(.ccmram*)
                0x0000000010000000                . = ALIGN (0x4)
                0x0000000010000000                _eccmram = .
                0x0000000010000000                . = ALIGN (0x4)

.bss            0x0000000020000014     0x1d8c
                0x0000000020000014                _sbss = .
                0x0000000020000014                __bss_start__ = _sbss
 *(.bss)
 .bss           0x0000000020000014       0x1c C:/ST/STM32CubeIDE_1.14.1/STM32CubeIDE/plugins/com.st.stm32cube.ide.mcu.externaltools.gnu-tools-for-stm32.11.3.rel1.win32_1.1.100.202309141235/tools/bin/../lib/gcc/arm-none-eabi/11.3.1/thumb/v7e-m+fp/hard/crtbegin.o
 *(.bss*)
 .bss.HCSR04_sensor
                0x0000000020000030       0x10 ./Core/Src/Ultrasonic.o
 .bss.hadc1     0x0000000020000040       0x50 ./Core/Src/adc.o
                0x0000000020000040                hadc1
 .bss.ACC_Flag  0x0000000020000090        0x1 ./Core/Src/freertos.o
                0x0000000020000090                ACC_Flag
 .bss.LKS_Flag  0x0000000020000091        0x1 ./Core/Src/freertos.o
                0x0000000020000091                LKS_Flag
 .bss.Left_IR   0x0000000020000092        0x1 ./Core/Src/freertos.o
                0x0000000020000092                Left_IR
 .bss.Right_IR  0x0000000020000093        0x1 ./Core/Src/freertos.o
                0x0000000020000093                Right_IR
 .bss.Turn_Flag
                0x0000000020000094        0x1 ./Core/Src/freertos.o
                0x0000000020000094                Turn_Flag
 .bss.speed     0x0000000020000095        0x1 ./Core/Src/freertos.o
                0x0000000020000095                speed
 .bss.rxData    0x0000000020000096        0x1 ./Core/Src/freertos.o
                0x0000000020000096                rxData
 .bss.AB_Flag   0x0000000020000097        0x1 ./Core/Src/freertos.o
                0x0000000020000097                AB_Flag
 .bss.Return_flag
                0x0000000020000098        0x1 ./Core/Src/freertos.o
                0x0000000020000098                Return_flag
 *fill*         0x0000000020000099        0x3 
 .bss.LKS_Handle
                0x000000002000009c        0x4 ./Core/Src/freertos.o
                0x000000002000009c                LKS_Handle
 .bss.ACC_Handle
                0x00000000200000a0        0x4 ./Core/Src/freertos.o
                0x00000000200000a0                ACC_Handle
 .bss.AB_Handle
                0x00000000200000a4        0x4 ./Core/Src/freertos.o
                0x00000000200000a4                AB_Handle
 .bss.BLUETOOTH_Handle
                0x00000000200000a8        0x4 ./Core/Src/freertos.o
                0x00000000200000a8                BLUETOOTH_Handle
 .bss.ALC_Handle
                0x00000000200000ac        0x4 ./Core/Src/freertos.o
                0x00000000200000ac                ALC_Handle
 .bss.LKS_semaphoreHandle
                0x00000000200000b0        0x4 ./Core/Src/freertos.o
                0x00000000200000b0                LKS_semaphoreHandle
 .bss.htim1     0x00000000200000b4       0x4c ./Core/Src/stm32f3xx_hal_timebase_tim.o
                0x00000000200000b4                htim1
 .bss.htim3     0x0000000020000100       0x4c ./Core/Src/tim.o
                0x0000000020000100                htim3
 .bss.htim4     0x000000002000014c       0x4c ./Core/Src/tim.o
                0x000000002000014c                htim4
 .bss.huart1    0x0000000020000198       0x88 ./Core/Src/usart.o
                0x0000000020000198                huart1
 .bss.huart2    0x0000000020000220       0x88 ./Core/Src/usart.o
                0x0000000020000220                huart2
 .bss.uwTick    0x00000000200002a8        0x4 ./Drivers/STM32F3xx_HAL_Driver/Src/stm32f3xx_hal.o
                0x00000000200002a8                uwTick
 .bss.KernelState
                0x00000000200002ac        0x4 ./Middlewares/Third_Party/FreeRTOS/Source/CMSIS_RTOS_V2/cmsis_os2.o
 .bss.Idle_TCB  0x00000000200002b0       0x5c ./Middlewares/Third_Party/FreeRTOS/Source/CMSIS_RTOS_V2/cmsis_os2.o
 .bss.Idle_Stack
                0x000000002000030c      0x200 ./Middlewares/Third_Party/FreeRTOS/Source/CMSIS_RTOS_V2/cmsis_os2.o
 .bss.Timer_TCB
                0x000000002000050c       0x5c ./Middlewares/Third_Party/FreeRTOS/Source/CMSIS_RTOS_V2/cmsis_os2.o
 .bss.Timer_Stack
                0x0000000020000568      0x400 ./Middlewares/Third_Party/FreeRTOS/Source/CMSIS_RTOS_V2/cmsis_os2.o
 .bss.xQueueRegistry
                0x0000000020000968       0x40 ./Middlewares/Third_Party/FreeRTOS/Source/queue.o
                0x0000000020000968                xQueueRegistry
 .bss.pxCurrentTCB
                0x00000000200009a8        0x4 ./Middlewares/Third_Party/FreeRTOS/Source/tasks.o
                0x00000000200009a8                pxCurrentTCB
 .bss.pxReadyTasksLists
                0x00000000200009ac      0x460 ./Middlewares/Third_Party/FreeRTOS/Source/tasks.o
 .bss.xDelayedTaskList1
                0x0000000020000e0c       0x14 ./Middlewares/Third_Party/FreeRTOS/Source/tasks.o
 .bss.xDelayedTaskList2
                0x0000000020000e20       0x14 ./Middlewares/Third_Party/FreeRTOS/Source/tasks.o
 .bss.pxDelayedTaskList
                0x0000000020000e34        0x4 ./Middlewares/Third_Party/FreeRTOS/Source/tasks.o
 .bss.pxOverflowDelayedTaskList
                0x0000000020000e38        0x4 ./Middlewares/Third_Party/FreeRTOS/Source/tasks.o
 .bss.xPendingReadyList
                0x0000000020000e3c       0x14 ./Middlewares/Third_Party/FreeRTOS/Source/tasks.o
 .bss.xTasksWaitingTermination
                0x0000000020000e50       0x14 ./Middlewares/Third_Party/FreeRTOS/Source/tasks.o
 .bss.uxDeletedTasksWaitingCleanUp
                0x0000000020000e64        0x4 ./Middlewares/Third_Party/FreeRTOS/Source/tasks.o
 .bss.xSuspendedTaskList
                0x0000000020000e68       0x14 ./Middlewares/Third_Party/FreeRTOS/Source/tasks.o
 .bss.uxCurrentNumberOfTasks
                0x0000000020000e7c        0x4 ./Middlewares/Third_Party/FreeRTOS/Source/tasks.o
 .bss.xTickCount
                0x0000000020000e80        0x4 ./Middlewares/Third_Party/FreeRTOS/Source/tasks.o
 .bss.uxTopReadyPriority
                0x0000000020000e84        0x4 ./Middlewares/Third_Party/FreeRTOS/Source/tasks.o
 .bss.xSchedulerRunning
                0x0000000020000e88        0x4 ./Middlewares/Third_Party/FreeRTOS/Source/tasks.o
 .bss.uxPendedTicks
                0x0000000020000e8c        0x4 ./Middlewares/Third_Party/FreeRTOS/Source/tasks.o
 .bss.xYieldPending
                0x0000000020000e90        0x4 ./Middlewares/Third_Party/FreeRTOS/Source/tasks.o
 .bss.xNumOfOverflows
                0x0000000020000e94        0x4 ./Middlewares/Third_Party/FreeRTOS/Source/tasks.o
 .bss.uxTaskNumber
                0x0000000020000e98        0x4 ./Middlewares/Third_Party/FreeRTOS/Source/tasks.o
 .bss.xNextTaskUnblockTime
                0x0000000020000e9c        0x4 ./Middlewares/Third_Party/FreeRTOS/Source/tasks.o
 .bss.xIdleTaskHandle
                0x0000000020000ea0        0x4 ./Middlewares/Third_Party/FreeRTOS/Source/tasks.o
 .bss.uxSchedulerSuspended
                0x0000000020000ea4        0x4 ./Middlewares/Third_Party/FreeRTOS/Source/tasks.o
 .bss.xActiveTimerList1
                0x0000000020000ea8       0x14 ./Middlewares/Third_Party/FreeRTOS/Source/timers.o
 .bss.xActiveTimerList2
                0x0000000020000ebc       0x14 ./Middlewares/Third_Party/FreeRTOS/Source/timers.o
 .bss.pxCurrentTimerList
                0x0000000020000ed0        0x4 ./Middlewares/Third_Party/FreeRTOS/Source/timers.o
 .bss.pxOverflowTimerList
                0x0000000020000ed4        0x4 ./Middlewares/Third_Party/FreeRTOS/Source/timers.o
 .bss.xTimerQueue
                0x0000000020000ed8        0x4 ./Middlewares/Third_Party/FreeRTOS/Source/timers.o
 .bss.xTimerTaskHandle
                0x0000000020000edc        0x4 ./Middlewares/Third_Party/FreeRTOS/Source/timers.o
 .bss.xLastTime.2
                0x0000000020000ee0        0x4 ./Middlewares/Third_Party/FreeRTOS/Source/timers.o
 .bss.ucStaticTimerQueueStorage.1
                0x0000000020000ee4       0xa0 ./Middlewares/Third_Party/FreeRTOS/Source/timers.o
 .bss.xStaticTimerQueue.0
                0x0000000020000f84       0x50 ./Middlewares/Third_Party/FreeRTOS/Source/timers.o
 .bss.ucMaxSysCallPriority
                0x0000000020000fd4        0x1 ./Middlewares/Third_Party/FreeRTOS/Source/portable/GCC/ARM_CM4F/port.o
 *fill*         0x0000000020000fd5        0x3 
 .bss.ulMaxPRIGROUPValue
                0x0000000020000fd8        0x4 ./Middlewares/Third_Party/FreeRTOS/Source/portable/GCC/ARM_CM4F/port.o
 .bss.ucHeap    0x0000000020000fdc      0xdac ./Middlewares/Third_Party/FreeRTOS/Source/portable/MemMang/heap_4.o
 .bss.xStart    0x0000000020001d88        0x8 ./Middlewares/Third_Party/FreeRTOS/Source/portable/MemMang/heap_4.o
 .bss.pxEnd     0x0000000020001d90        0x4 ./Middlewares/Third_Party/FreeRTOS/Source/portable/MemMang/heap_4.o
 .bss.xFreeBytesRemaining
                0x0000000020001d94        0x4 ./Middlewares/Third_Party/FreeRTOS/Source/portable/MemMang/heap_4.o
 .bss.xMinimumEverFreeBytesRemaining
                0x0000000020001d98        0x4 ./Middlewares/Third_Party/FreeRTOS/Source/portable/MemMang/heap_4.o
 .bss.xBlockAllocatedBit
                0x0000000020001d9c        0x4 ./Middlewares/Third_Party/FreeRTOS/Source/portable/MemMang/heap_4.o
 *(COMMON)
                0x0000000020001da0                . = ALIGN (0x4)
                0x0000000020001da0                _ebss = .
                0x0000000020001da0                __bss_end__ = _ebss

._user_heap_stack
                0x0000000020001da0      0x600
                0x0000000020001da0                . = ALIGN (0x8)
                [!provide]                        PROVIDE (end = .)
                0x0000000020001da0                PROVIDE (_end = .)
                0x0000000020001fa0                . = (. + _Min_Heap_Size)
 *fill*         0x0000000020001da0      0x200 
                0x00000000200023a0                . = (. + _Min_Stack_Size)
 *fill*         0x0000000020001fa0      0x400 
                0x00000000200023a0                . = ALIGN (0x8)

/DISCARD/
 libc.a(*)
 libm.a(*)
 libgcc.a(*)

.ARM.attributes
                0x0000000000000000       0x30
 *(.ARM.attributes)
 .ARM.attributes
                0x0000000000000000       0x1e C:/ST/STM32CubeIDE_1.14.1/STM32CubeIDE/plugins/com.st.stm32cube.ide.mcu.externaltools.gnu-tools-for-stm32.11.3.rel1.win32_1.1.100.202309141235/tools/bin/../lib/gcc/arm-none-eabi/11.3.1/thumb/v7e-m+fp/hard/crti.o
 .ARM.attributes
                0x000000000000001e       0x34 C:/ST/STM32CubeIDE_1.14.1/STM32CubeIDE/plugins/com.st.stm32cube.ide.mcu.externaltools.gnu-tools-for-stm32.11.3.rel1.win32_1.1.100.202309141235/tools/bin/../lib/gcc/arm-none-eabi/11.3.1/thumb/v7e-m+fp/hard/crtbegin.o
 .ARM.attributes
                0x0000000000000052       0x34 ./Core/Src/IRSensor.o
 .ARM.attributes
                0x0000000000000086       0x34 ./Core/Src/LDR.o
 .ARM.attributes
                0x00000000000000ba       0x34 ./Core/Src/Ultrasonic.o
 .ARM.attributes
                0x00000000000000ee       0x34 ./Core/Src/adc.o
 .ARM.attributes
                0x0000000000000122       0x34 ./Core/Src/freertos.o
 .ARM.attributes
                0x0000000000000156       0x34 ./Core/Src/gpio.o
 .ARM.attributes
                0x000000000000018a       0x34 ./Core/Src/main.o
 .ARM.attributes
                0x00000000000001be       0x34 ./Core/Src/motor.o
 .ARM.attributes
                0x00000000000001f2       0x34 ./Core/Src/stm32f3xx_hal_msp.o
 .ARM.attributes
                0x0000000000000226       0x34 ./Core/Src/stm32f3xx_hal_timebase_tim.o
 .ARM.attributes
                0x000000000000025a       0x34 ./Core/Src/stm32f3xx_it.o
 .ARM.attributes
                0x000000000000028e       0x34 ./Core/Src/system_stm32f3xx.o
 .ARM.attributes
                0x00000000000002c2       0x34 ./Core/Src/tim.o
 .ARM.attributes
                0x00000000000002f6       0x34 ./Core/Src/usart.o
 .ARM.attributes
                0x000000000000032a       0x21 ./Core/Startup/startup_stm32f303retx.o
 .ARM.attributes
                0x000000000000034b       0x34 ./Drivers/STM32F3xx_HAL_Driver/Src/stm32f3xx_hal.o
 .ARM.attributes
                0x000000000000037f       0x34 ./Drivers/STM32F3xx_HAL_Driver/Src/stm32f3xx_hal_adc_ex.o
 .ARM.attributes
                0x00000000000003b3       0x34 ./Drivers/STM32F3xx_HAL_Driver/Src/stm32f3xx_hal_cortex.o
 .ARM.attributes
                0x00000000000003e7       0x34 ./Drivers/STM32F3xx_HAL_Driver/Src/stm32f3xx_hal_gpio.o
 .ARM.attributes
                0x000000000000041b       0x34 ./Drivers/STM32F3xx_HAL_Driver/Src/stm32f3xx_hal_rcc.o
 .ARM.attributes
                0x000000000000044f       0x34 ./Drivers/STM32F3xx_HAL_Driver/Src/stm32f3xx_hal_rcc_ex.o
 .ARM.attributes
                0x0000000000000483       0x34 ./Drivers/STM32F3xx_HAL_Driver/Src/stm32f3xx_hal_tim.o
 .ARM.attributes
                0x00000000000004b7       0x34 ./Drivers/STM32F3xx_HAL_Driver/Src/stm32f3xx_hal_tim_ex.o
 .ARM.attributes
                0x00000000000004eb       0x34 ./Drivers/STM32F3xx_HAL_Driver/Src/stm32f3xx_hal_uart.o
 .ARM.attributes
                0x000000000000051f       0x34 ./Middlewares/Third_Party/FreeRTOS/Source/CMSIS_RTOS_V2/cmsis_os2.o
 .ARM.attributes
                0x0000000000000553       0x34 ./Middlewares/Third_Party/FreeRTOS/Source/list.o
 .ARM.attributes
                0x0000000000000587       0x34 ./Middlewares/Third_Party/FreeRTOS/Source/queue.o
 .ARM.attributes
                0x00000000000005bb       0x34 ./Middlewares/Third_Party/FreeRTOS/Source/tasks.o
 .ARM.attributes
                0x00000000000005ef       0x34 ./Middlewares/Third_Party/FreeRTOS/Source/timers.o
 .ARM.attributes
                0x0000000000000623       0x34 ./Middlewares/Third_Party/FreeRTOS/Source/portable/GCC/ARM_CM4F/port.o
 .ARM.attributes
                0x0000000000000657       0x34 ./Middlewares/Third_Party/FreeRTOS/Source/portable/MemMang/heap_4.o
 .ARM.attributes
                0x000000000000068b       0x34 C:/ST/STM32CubeIDE_1.14.1/STM32CubeIDE/plugins/com.st.stm32cube.ide.mcu.externaltools.gnu-tools-for-stm32.11.3.rel1.win32_1.1.100.202309141235/tools/bin/../lib/gcc/arm-none-eabi/11.3.1/../../../../arm-none-eabi/lib/thumb/v7e-m+fp/hard\libc_nano.a(libc_a-memset.o)
 .ARM.attributes
                0x00000000000006bf       0x34 C:/ST/STM32CubeIDE_1.14.1/STM32CubeIDE/plugins/com.st.stm32cube.ide.mcu.externaltools.gnu-tools-for-stm32.11.3.rel1.win32_1.1.100.202309141235/tools/bin/../lib/gcc/arm-none-eabi/11.3.1/../../../../arm-none-eabi/lib/thumb/v7e-m+fp/hard\libc_nano.a(libc_a-init.o)
 .ARM.attributes
                0x00000000000006f3       0x34 C:/ST/STM32CubeIDE_1.14.1/STM32CubeIDE/plugins/com.st.stm32cube.ide.mcu.externaltools.gnu-tools-for-stm32.11.3.rel1.win32_1.1.100.202309141235/tools/bin/../lib/gcc/arm-none-eabi/11.3.1/../../../../arm-none-eabi/lib/thumb/v7e-m+fp/hard\libc_nano.a(libc_a-memcpy-stub.o)
 .ARM.attributes
                0x0000000000000727       0x1e C:/ST/STM32CubeIDE_1.14.1/STM32CubeIDE/plugins/com.st.stm32cube.ide.mcu.externaltools.gnu-tools-for-stm32.11.3.rel1.win32_1.1.100.202309141235/tools/bin/../lib/gcc/arm-none-eabi/11.3.1/thumb/v7e-m+fp/hard\libgcc.a(_arm_addsubdf3.o)
 .ARM.attributes
                0x0000000000000745       0x1e C:/ST/STM32CubeIDE_1.14.1/STM32CubeIDE/plugins/com.st.stm32cube.ide.mcu.externaltools.gnu-tools-for-stm32.11.3.rel1.win32_1.1.100.202309141235/tools/bin/../lib/gcc/arm-none-eabi/11.3.1/thumb/v7e-m+fp/hard\libgcc.a(_arm_muldivdf3.o)
 .ARM.attributes
                0x0000000000000763       0x1e C:/ST/STM32CubeIDE_1.14.1/STM32CubeIDE/plugins/com.st.stm32cube.ide.mcu.externaltools.gnu-tools-for-stm32.11.3.rel1.win32_1.1.100.202309141235/tools/bin/../lib/gcc/arm-none-eabi/11.3.1/thumb/v7e-m+fp/hard\libgcc.a(_arm_fixunsdfsi.o)
 .ARM.attributes
                0x0000000000000781       0x1e C:/ST/STM32CubeIDE_1.14.1/STM32CubeIDE/plugins/com.st.stm32cube.ide.mcu.externaltools.gnu-tools-for-stm32.11.3.rel1.win32_1.1.100.202309141235/tools/bin/../lib/gcc/arm-none-eabi/11.3.1/thumb/v7e-m+fp/hard/crtn.o
OUTPUT(project.elf elf32-littlearm)
LOAD linker stubs
LOAD C:/ST/STM32CubeIDE_1.14.1/STM32CubeIDE/plugins/com.st.stm32cube.ide.mcu.externaltools.gnu-tools-for-stm32.11.3.rel1.win32_1.1.100.202309141235/tools/bin/../lib/gcc/arm-none-eabi/11.3.1/../../../../arm-none-eabi/lib/thumb/v7e-m+fp/hard\libc.a
LOAD C:/ST/STM32CubeIDE_1.14.1/STM32CubeIDE/plugins/com.st.stm32cube.ide.mcu.externaltools.gnu-tools-for-stm32.11.3.rel1.win32_1.1.100.202309141235/tools/bin/../lib/gcc/arm-none-eabi/11.3.1/../../../../arm-none-eabi/lib/thumb/v7e-m+fp/hard\libm.a
LOAD C:/ST/STM32CubeIDE_1.14.1/STM32CubeIDE/plugins/com.st.stm32cube.ide.mcu.externaltools.gnu-tools-for-stm32.11.3.rel1.win32_1.1.100.202309141235/tools/bin/../lib/gcc/arm-none-eabi/11.3.1/thumb/v7e-m+fp/hard\libgcc.a

.comment        0x0000000000000000       0x43
 .comment       0x0000000000000000       0x43 C:/ST/STM32CubeIDE_1.14.1/STM32CubeIDE/plugins/com.st.stm32cube.ide.mcu.externaltools.gnu-tools-for-stm32.11.3.rel1.win32_1.1.100.202309141235/tools/bin/../lib/gcc/arm-none-eabi/11.3.1/thumb/v7e-m+fp/hard/crtbegin.o
                                         0x44 (size before relaxing)
 .comment       0x0000000000000043       0x44 ./Core/Src/IRSensor.o
 .comment       0x0000000000000043       0x44 ./Core/Src/LDR.o
 .comment       0x0000000000000043       0x44 ./Core/Src/Ultrasonic.o
 .comment       0x0000000000000043       0x44 ./Core/Src/adc.o
 .comment       0x0000000000000043       0x44 ./Core/Src/freertos.o
 .comment       0x0000000000000043       0x44 ./Core/Src/gpio.o
 .comment       0x0000000000000043       0x44 ./Core/Src/main.o
 .comment       0x0000000000000043       0x44 ./Core/Src/motor.o
 .comment       0x0000000000000043       0x44 ./Core/Src/stm32f3xx_hal_msp.o
 .comment       0x0000000000000043       0x44 ./Core/Src/stm32f3xx_hal_timebase_tim.o
 .comment       0x0000000000000043       0x44 ./Core/Src/stm32f3xx_it.o
 .comment       0x0000000000000043       0x44 ./Core/Src/system_stm32f3xx.o
 .comment       0x0000000000000043       0x44 ./Core/Src/tim.o
 .comment       0x0000000000000043       0x44 ./Core/Src/usart.o
 .comment       0x0000000000000043       0x44 ./Drivers/STM32F3xx_HAL_Driver/Src/stm32f3xx_hal.o
 .comment       0x0000000000000043       0x44 ./Drivers/STM32F3xx_HAL_Driver/Src/stm32f3xx_hal_adc_ex.o
 .comment       0x0000000000000043       0x44 ./Drivers/STM32F3xx_HAL_Driver/Src/stm32f3xx_hal_cortex.o
 .comment       0x0000000000000043       0x44 ./Drivers/STM32F3xx_HAL_Driver/Src/stm32f3xx_hal_gpio.o
 .comment       0x0000000000000043       0x44 ./Drivers/STM32F3xx_HAL_Driver/Src/stm32f3xx_hal_rcc.o
 .comment       0x0000000000000043       0x44 ./Drivers/STM32F3xx_HAL_Driver/Src/stm32f3xx_hal_rcc_ex.o
 .comment       0x0000000000000043       0x44 ./Drivers/STM32F3xx_HAL_Driver/Src/stm32f3xx_hal_tim.o
 .comment       0x0000000000000043       0x44 ./Drivers/STM32F3xx_HAL_Driver/Src/stm32f3xx_hal_tim_ex.o
 .comment       0x0000000000000043       0x44 ./Drivers/STM32F3xx_HAL_Driver/Src/stm32f3xx_hal_uart.o
 .comment       0x0000000000000043       0x44 ./Middlewares/Third_Party/FreeRTOS/Source/CMSIS_RTOS_V2/cmsis_os2.o
 .comment       0x0000000000000043       0x44 ./Middlewares/Third_Party/FreeRTOS/Source/list.o
 .comment       0x0000000000000043       0x44 ./Middlewares/Third_Party/FreeRTOS/Source/queue.o
 .comment       0x0000000000000043       0x44 ./Middlewares/Third_Party/FreeRTOS/Source/tasks.o
 .comment       0x0000000000000043       0x44 ./Middlewares/Third_Party/FreeRTOS/Source/timers.o
 .comment       0x0000000000000043       0x44 ./Middlewares/Third_Party/FreeRTOS/Source/portable/GCC/ARM_CM4F/port.o
 .comment       0x0000000000000043       0x44 ./Middlewares/Third_Party/FreeRTOS/Source/portable/MemMang/heap_4.o

.debug_info     0x0000000000000000    0x1d267
 .debug_info    0x0000000000000000      0x1e8 ./Core/Src/IRSensor.o
 .debug_info    0x00000000000001e8      0x722 ./Core/Src/LDR.o
 .debug_info    0x000000000000090a      0x91f ./Core/Src/Ultrasonic.o
 .debug_info    0x0000000000001229      0xa75 ./Core/Src/adc.o
 .debug_info    0x0000000000001c9e      0xfcf ./Core/Src/freertos.o
 .debug_info    0x0000000000002c6d      0x33d ./Core/Src/gpio.o
 .debug_info    0x0000000000002faa      0xe7b ./Core/Src/main.o
 .debug_info    0x0000000000003e25      0x856 ./Core/Src/motor.o
 .debug_info    0x000000000000467b      0x3b7 ./Core/Src/stm32f3xx_hal_msp.o
 .debug_info    0x0000000000004a32      0xac2 ./Core/Src/stm32f3xx_hal_timebase_tim.o
 .debug_info    0x00000000000054f4      0x6be ./Core/Src/stm32f3xx_it.o
 .debug_info    0x0000000000005bb2      0x407 ./Core/Src/system_stm32f3xx.o
 .debug_info    0x0000000000005fb9      0xead ./Core/Src/tim.o
 .debug_info    0x0000000000006e66      0x975 ./Core/Src/usart.o
 .debug_info    0x00000000000077db       0x23 ./Core/Startup/startup_stm32f303retx.o
 .debug_info    0x00000000000077fe      0x804 ./Drivers/STM32F3xx_HAL_Driver/Src/stm32f3xx_hal.o
 .debug_info    0x0000000000008002     0x15b2 ./Drivers/STM32F3xx_HAL_Driver/Src/stm32f3xx_hal_adc_ex.o
 .debug_info    0x00000000000095b4      0xcdf ./Drivers/STM32F3xx_HAL_Driver/Src/stm32f3xx_hal_cortex.o
 .debug_info    0x000000000000a293      0x6a6 ./Drivers/STM32F3xx_HAL_Driver/Src/stm32f3xx_hal_gpio.o
 .debug_info    0x000000000000a939     0x1501 ./Drivers/STM32F3xx_HAL_Driver/Src/stm32f3xx_hal_rcc.o
 .debug_info    0x000000000000be3a      0x663 ./Drivers/STM32F3xx_HAL_Driver/Src/stm32f3xx_hal_rcc_ex.o
 .debug_info    0x000000000000c49d     0x2a52 ./Drivers/STM32F3xx_HAL_Driver/Src/stm32f3xx_hal_tim.o
 .debug_info    0x000000000000eeef     0x156d ./Drivers/STM32F3xx_HAL_Driver/Src/stm32f3xx_hal_tim_ex.o
 .debug_info    0x000000000001045c     0x39a8 ./Drivers/STM32F3xx_HAL_Driver/Src/stm32f3xx_hal_uart.o
 .debug_info    0x0000000000013e04     0x39bf ./Middlewares/Third_Party/FreeRTOS/Source/CMSIS_RTOS_V2/cmsis_os2.o
 .debug_info    0x00000000000177c3      0x2aa ./Middlewares/Third_Party/FreeRTOS/Source/list.o
 .debug_info    0x0000000000017a6d     0x1abf ./Middlewares/Third_Party/FreeRTOS/Source/queue.o
 .debug_info    0x000000000001952c     0x20e5 ./Middlewares/Third_Party/FreeRTOS/Source/tasks.o
 .debug_info    0x000000000001b611     0x13b5 ./Middlewares/Third_Party/FreeRTOS/Source/timers.o
 .debug_info    0x000000000001c9c6      0x4de ./Middlewares/Third_Party/FreeRTOS/Source/portable/GCC/ARM_CM4F/port.o
 .debug_info    0x000000000001cea4      0x3c3 ./Middlewares/Third_Party/FreeRTOS/Source/portable/MemMang/heap_4.o

.debug_abbrev   0x0000000000000000     0x4300
 .debug_abbrev  0x0000000000000000      0x118 ./Core/Src/IRSensor.o
 .debug_abbrev  0x0000000000000118      0x19a ./Core/Src/LDR.o
 .debug_abbrev  0x00000000000002b2      0x202 ./Core/Src/Ultrasonic.o
 .debug_abbrev  0x00000000000004b4      0x205 ./Core/Src/adc.o
 .debug_abbrev  0x00000000000006b9      0x259 ./Core/Src/freertos.o
 .debug_abbrev  0x0000000000000912      0x151 ./Core/Src/gpio.o
 .debug_abbrev  0x0000000000000a63      0x257 ./Core/Src/main.o
 .debug_abbrev  0x0000000000000cba      0x1c4 ./Core/Src/motor.o
 .debug_abbrev  0x0000000000000e7e      0x107 ./Core/Src/stm32f3xx_hal_msp.o
 .debug_abbrev  0x0000000000000f85      0x1f4 ./Core/Src/stm32f3xx_hal_timebase_tim.o
 .debug_abbrev  0x0000000000001179      0x181 ./Core/Src/stm32f3xx_it.o
 .debug_abbrev  0x00000000000012fa      0x11a ./Core/Src/system_stm32f3xx.o
 .debug_abbrev  0x0000000000001414      0x214 ./Core/Src/tim.o
 .debug_abbrev  0x0000000000001628      0x1fb ./Core/Src/usart.o
 .debug_abbrev  0x0000000000001823       0x12 ./Core/Startup/startup_stm32f303retx.o
 .debug_abbrev  0x0000000000001835      0x215 ./Drivers/STM32F3xx_HAL_Driver/Src/stm32f3xx_hal.o
 .debug_abbrev  0x0000000000001a4a      0x28e ./Drivers/STM32F3xx_HAL_Driver/Src/stm32f3xx_hal_adc_ex.o
 .debug_abbrev  0x0000000000001cd8      0x329 ./Drivers/STM32F3xx_HAL_Driver/Src/stm32f3xx_hal_cortex.o
 .debug_abbrev  0x0000000000002001      0x1ca ./Drivers/STM32F3xx_HAL_Driver/Src/stm32f3xx_hal_gpio.o
 .debug_abbrev  0x00000000000021cb      0x300 ./Drivers/STM32F3xx_HAL_Driver/Src/stm32f3xx_hal_rcc.o
 .debug_abbrev  0x00000000000024cb      0x245 ./Drivers/STM32F3xx_HAL_Driver/Src/stm32f3xx_hal_rcc_ex.o
 .debug_abbrev  0x0000000000002710      0x278 ./Drivers/STM32F3xx_HAL_Driver/Src/stm32f3xx_hal_tim.o
 .debug_abbrev  0x0000000000002988      0x283 ./Drivers/STM32F3xx_HAL_Driver/Src/stm32f3xx_hal_tim_ex.o
 .debug_abbrev  0x0000000000002c0b      0x2d1 ./Drivers/STM32F3xx_HAL_Driver/Src/stm32f3xx_hal_uart.o
 .debug_abbrev  0x0000000000002edc      0x433 ./Middlewares/Third_Party/FreeRTOS/Source/CMSIS_RTOS_V2/cmsis_os2.o
 .debug_abbrev  0x000000000000330f       0xf5 ./Middlewares/Third_Party/FreeRTOS/Source/list.o
 .debug_abbrev  0x0000000000003404      0x3ce ./Middlewares/Third_Party/FreeRTOS/Source/queue.o
 .debug_abbrev  0x00000000000037d2      0x385 ./Middlewares/Third_Party/FreeRTOS/Source/tasks.o
 .debug_abbrev  0x0000000000003b57      0x348 ./Middlewares/Third_Party/FreeRTOS/Source/timers.o
 .debug_abbrev  0x0000000000003e9f      0x25c ./Middlewares/Third_Party/FreeRTOS/Source/portable/GCC/ARM_CM4F/port.o
 .debug_abbrev  0x00000000000040fb      0x205 ./Middlewares/Third_Party/FreeRTOS/Source/portable/MemMang/heap_4.o

.debug_aranges  0x0000000000000000     0x1670
 .debug_aranges
                0x0000000000000000       0x20 ./Core/Src/IRSensor.o
 .debug_aranges
                0x0000000000000020       0x20 ./Core/Src/LDR.o
 .debug_aranges
                0x0000000000000040       0x40 ./Core/Src/Ultrasonic.o
 .debug_aranges
                0x0000000000000080       0x30 ./Core/Src/adc.o
 .debug_aranges
                0x00000000000000b0       0x48 ./Core/Src/freertos.o
 .debug_aranges
                0x00000000000000f8       0x20 ./Core/Src/gpio.o
 .debug_aranges
                0x0000000000000118       0x38 ./Core/Src/main.o
 .debug_aranges
                0x0000000000000150       0x50 ./Core/Src/motor.o
 .debug_aranges
                0x00000000000001a0       0x20 ./Core/Src/stm32f3xx_hal_msp.o
 .debug_aranges
                0x00000000000001c0       0x30 ./Core/Src/stm32f3xx_hal_timebase_tim.o
 .debug_aranges
                0x00000000000001f0       0x58 ./Core/Src/stm32f3xx_it.o
 .debug_aranges
                0x0000000000000248       0x28 ./Core/Src/system_stm32f3xx.o
 .debug_aranges
                0x0000000000000270       0x40 ./Core/Src/tim.o
 .debug_aranges
                0x00000000000002b0       0x38 ./Core/Src/usart.o
 .debug_aranges
                0x00000000000002e8       0x28 ./Core/Startup/startup_stm32f303retx.o
 .debug_aranges
                0x0000000000000310       0xe0 ./Drivers/STM32F3xx_HAL_Driver/Src/stm32f3xx_hal.o
 .debug_aranges
                0x00000000000003f0      0x168 ./Drivers/STM32F3xx_HAL_Driver/Src/stm32f3xx_hal_adc_ex.o
 .debug_aranges
                0x0000000000000558      0x118 ./Drivers/STM32F3xx_HAL_Driver/Src/stm32f3xx_hal_cortex.o
 .debug_aranges
                0x0000000000000670       0x58 ./Drivers/STM32F3xx_HAL_Driver/Src/stm32f3xx_hal_gpio.o
 .debug_aranges
                0x00000000000006c8       0x88 ./Drivers/STM32F3xx_HAL_Driver/Src/stm32f3xx_hal_rcc.o
 .debug_aranges
                0x0000000000000750       0x38 ./Drivers/STM32F3xx_HAL_Driver/Src/stm32f3xx_hal_rcc_ex.o
 .debug_aranges
                0x0000000000000788      0x3e0 ./Drivers/STM32F3xx_HAL_Driver/Src/stm32f3xx_hal_tim.o
 .debug_aranges
                0x0000000000000b68      0x178 ./Drivers/STM32F3xx_HAL_Driver/Src/stm32f3xx_hal_tim_ex.o
 .debug_aranges
                0x0000000000000ce0      0x228 ./Drivers/STM32F3xx_HAL_Driver/Src/stm32f3xx_hal_uart.o
 .debug_aranges
                0x0000000000000f08      0x228 ./Middlewares/Third_Party/FreeRTOS/Source/CMSIS_RTOS_V2/cmsis_os2.o
 .debug_aranges
                0x0000000000001130       0x40 ./Middlewares/Third_Party/FreeRTOS/Source/list.o
 .debug_aranges
                0x0000000000001170      0x158 ./Middlewares/Third_Party/FreeRTOS/Source/queue.o
 .debug_aranges
                0x00000000000012c8      0x1f8 ./Middlewares/Third_Party/FreeRTOS/Source/tasks.o
 .debug_aranges
                0x00000000000014c0       0xe0 ./Middlewares/Third_Party/FreeRTOS/Source/timers.o
 .debug_aranges
                0x00000000000015a0       0x80 ./Middlewares/Third_Party/FreeRTOS/Source/portable/GCC/ARM_CM4F/port.o
 .debug_aranges
                0x0000000000001620       0x50 ./Middlewares/Third_Party/FreeRTOS/Source/portable/MemMang/heap_4.o

.debug_rnglists
                0x0000000000000000     0x1167
 .debug_rnglists
                0x0000000000000000       0x13 ./Core/Src/IRSensor.o
 .debug_rnglists
                0x0000000000000013       0x13 ./Core/Src/LDR.o
 .debug_rnglists
                0x0000000000000026       0x2c ./Core/Src/Ultrasonic.o
 .debug_rnglists
                0x0000000000000052       0x20 ./Core/Src/adc.o
 .debug_rnglists
                0x0000000000000072       0x35 ./Core/Src/freertos.o
 .debug_rnglists
                0x00000000000000a7       0x14 ./Core/Src/gpio.o
 .debug_rnglists
                0x00000000000000bb       0x26 ./Core/Src/main.o
 .debug_rnglists
                0x00000000000000e1       0x37 ./Core/Src/motor.o
 .debug_rnglists
                0x0000000000000118       0x13 ./Core/Src/stm32f3xx_hal_msp.o
 .debug_rnglists
                0x000000000000012b       0x20 ./Core/Src/stm32f3xx_hal_timebase_tim.o
 .debug_rnglists
                0x000000000000014b       0x3d ./Core/Src/stm32f3xx_it.o
 .debug_rnglists
                0x0000000000000188       0x1a ./Core/Src/system_stm32f3xx.o
 .debug_rnglists
                0x00000000000001a2       0x2f ./Core/Src/tim.o
 .debug_rnglists
                0x00000000000001d1       0x26 ./Core/Src/usart.o
 .debug_rnglists
                0x00000000000001f7       0x19 ./Core/Startup/startup_stm32f303retx.o
 .debug_rnglists
                0x0000000000000210       0xa3 ./Drivers/STM32F3xx_HAL_Driver/Src/stm32f3xx_hal.o
 .debug_rnglists
                0x00000000000002b3      0x126 ./Drivers/STM32F3xx_HAL_Driver/Src/stm32f3xx_hal_adc_ex.o
 .debug_rnglists
                0x00000000000003d9       0xce ./Drivers/STM32F3xx_HAL_Driver/Src/stm32f3xx_hal_cortex.o
 .debug_rnglists
                0x00000000000004a7       0x3f ./Drivers/STM32F3xx_HAL_Driver/Src/stm32f3xx_hal_gpio.o
 .debug_rnglists
                0x00000000000004e6       0x66 ./Drivers/STM32F3xx_HAL_Driver/Src/stm32f3xx_hal_rcc.o
 .debug_rnglists
                0x000000000000054c       0x29 ./Drivers/STM32F3xx_HAL_Driver/Src/stm32f3xx_hal_rcc_ex.o
 .debug_rnglists
                0x0000000000000575      0x328 ./Drivers/STM32F3xx_HAL_Driver/Src/stm32f3xx_hal_tim.o
 .debug_rnglists
                0x000000000000089d      0x131 ./Drivers/STM32F3xx_HAL_Driver/Src/stm32f3xx_hal_tim_ex.o
 .debug_rnglists
                0x00000000000009ce      0x1da ./Drivers/STM32F3xx_HAL_Driver/Src/stm32f3xx_hal_uart.o
 .debug_rnglists
                0x0000000000000ba8      0x1b4 ./Middlewares/Third_Party/FreeRTOS/Source/CMSIS_RTOS_V2/cmsis_os2.o
 .debug_rnglists
                0x0000000000000d5c       0x2b ./Middlewares/Third_Party/FreeRTOS/Source/list.o
 .debug_rnglists
                0x0000000000000d87      0x109 ./Middlewares/Third_Party/FreeRTOS/Source/queue.o
 .debug_rnglists
                0x0000000000000e90      0x194 ./Middlewares/Third_Party/FreeRTOS/Source/tasks.o
 .debug_rnglists
                0x0000000000001024       0xab ./Middlewares/Third_Party/FreeRTOS/Source/timers.o
 .debug_rnglists
                0x00000000000010cf       0x5d ./Middlewares/Third_Party/FreeRTOS/Source/portable/GCC/ARM_CM4F/port.o
 .debug_rnglists
                0x000000000000112c       0x3b ./Middlewares/Third_Party/FreeRTOS/Source/portable/MemMang/heap_4.o

.debug_macro    0x0000000000000000    0x23def
 .debug_macro   0x0000000000000000      0x217 ./Core/Src/IRSensor.o
 .debug_macro   0x0000000000000217      0xaa8 ./Core/Src/IRSensor.o
 .debug_macro   0x0000000000000cbf      0x15d ./Core/Src/IRSensor.o
 .debug_macro   0x0000000000000e1c       0x2e ./Core/Src/IRSensor.o
 .debug_macro   0x0000000000000e4a       0x28 ./Core/Src/IRSensor.o
 .debug_macro   0x0000000000000e72       0x22 ./Core/Src/IRSensor.o
 .debug_macro   0x0000000000000e94       0x8e ./Core/Src/IRSensor.o
 .debug_macro   0x0000000000000f22       0x51 ./Core/Src/IRSensor.o
 .debug_macro   0x0000000000000f73      0x103 ./Core/Src/IRSensor.o
 .debug_macro   0x0000000000001076       0x6a ./Core/Src/IRSensor.o
 .debug_macro   0x00000000000010e0      0x1df ./Core/Src/IRSensor.o
 .debug_macro   0x00000000000012bf       0x1c ./Core/Src/IRSensor.o
 .debug_macro   0x00000000000012db       0x22 ./Core/Src/IRSensor.o
 .debug_macro   0x00000000000012fd       0xd9 ./Core/Src/IRSensor.o
 .debug_macro   0x00000000000013d6     0x102d ./Core/Src/IRSensor.o
 .debug_macro   0x0000000000002403      0x11f ./Core/Src/IRSensor.o
 .debug_macro   0x0000000000002522    0x1535a ./Core/Src/IRSensor.o
 .debug_macro   0x000000000001787c       0x6d ./Core/Src/IRSensor.o
 .debug_macro   0x00000000000178e9     0x3558 ./Core/Src/IRSensor.o
 .debug_macro   0x000000000001ae41      0x174 ./Core/Src/IRSensor.o
 .debug_macro   0x000000000001afb5       0x55 ./Core/Src/IRSensor.o
 .debug_macro   0x000000000001b00a      0x953 ./Core/Src/IRSensor.o
 .debug_macro   0x000000000001b95d      0x84a ./Core/Src/IRSensor.o
 .debug_macro   0x000000000001c1a7      0x1b5 ./Core/Src/IRSensor.o
 .debug_macro   0x000000000001c35c      0x23a ./Core/Src/IRSensor.o
 .debug_macro   0x000000000001c596      0x1ea ./Core/Src/IRSensor.o
 .debug_macro   0x000000000001c780      0x1bc ./Core/Src/IRSensor.o
 .debug_macro   0x000000000001c93c       0x30 ./Core/Src/IRSensor.o
 .debug_macro   0x000000000001c96c       0x3c ./Core/Src/IRSensor.o
 .debug_macro   0x000000000001c9a8      0x235 ./Core/Src/IRSensor.o
 .debug_macro   0x000000000001cbdd      0x9fe ./Core/Src/IRSensor.o
 .debug_macro   0x000000000001d5db       0x77 ./Core/Src/IRSensor.o
 .debug_macro   0x000000000001d652       0xc5 ./Core/Src/IRSensor.o
 .debug_macro   0x000000000001d717      0x21d ./Core/Src/IRSensor.o
 .debug_macro   0x000000000001d934      0x22c ./Core/Src/IRSensor.o
 .debug_macro   0x000000000001db60       0x5b ./Core/Src/IRSensor.o
 .debug_macro   0x000000000001dbbb       0xa5 ./Core/Src/IRSensor.o
 .debug_macro   0x000000000001dc60       0x81 ./Core/Src/IRSensor.o